[35m[1mConsolidate compiler generated dependencies of target end_effector_cmd[0m
[ 50%] [32mBuilding CXX object CMakeFiles/end_effector_cmd.dir/src/end_effector_cmd.cpp.o[0m
[100%] [32m[1mLinking CXX executable end_effector_cmd[0m
[100%] Built target end_effector_cmd
-- Install configuration: ""
-- Installing: /home/kaede-rei/ros2-workspace/moveit-tutorials-ws/install/dm_arm_controller/lib/dm_arm_controller/end_effector_cmd
-- Set runtime path of "/home/kaede-rei/ros2-workspace/moveit-tutorials-ws/install/dm_arm_controller/lib/dm_arm_controller/end_effector_cmd" to ""
-- Up-to-date: /home/kaede-rei/ros2-workspace/moveit-tutorials-ws/install/dm_arm_controller/include
-- Up-to-date: /home/kaede-rei/ros2-workspace/moveit-tutorials-ws/install/dm_arm_controller/include/dm_arm_controller
-- Up-to-date: /home/kaede-rei/ros2-workspace/moveit-tutorials-ws/install/dm_arm_controller/include/dm_arm_controller/end_effector_cmd.hpp
-- Up-to-date: /home/kaede-rei/ros2-workspace/moveit-tutorials-ws/install/dm_arm_controller/share/dm_arm_controller/launch
-- Up-to-date: /home/kaede-rei/ros2-workspace/moveit-tutorials-ws/install/dm_arm_controller/share/dm_arm_controller/launch/run.launch.py
-- Up-to-date: /home/kaede-rei/ros2-workspace/moveit-tutorials-ws/install/dm_arm_controller/share/ament_index/resource_index/package_run_dependencies/dm_arm_controller
-- Up-to-date: /home/kaede-rei/ros2-workspace/moveit-tutorials-ws/install/dm_arm_controller/share/ament_index/resource_index/parent_prefix_path/dm_arm_controller
-- Up-to-date: /home/kaede-rei/ros2-workspace/moveit-tutorials-ws/install/dm_arm_controller/share/dm_arm_controller/environment/ament_prefix_path.sh
-- Up-to-date: /home/kaede-rei/ros2-workspace/moveit-tutorials-ws/install/dm_arm_controller/share/dm_arm_controller/environment/ament_prefix_path.dsv
-- Up-to-date: /home/kaede-rei/ros2-workspace/moveit-tutorials-ws/install/dm_arm_controller/share/dm_arm_controller/environment/path.sh
-- Up-to-date: /home/kaede-rei/ros2-workspace/moveit-tutorials-ws/install/dm_arm_controller/share/dm_arm_controller/environment/path.dsv
-- Up-to-date: /home/kaede-rei/ros2-workspace/moveit-tutorials-ws/install/dm_arm_controller/share/dm_arm_controller/local_setup.bash
-- Up-to-date: /home/kaede-rei/ros2-workspace/moveit-tutorials-ws/install/dm_arm_controller/share/dm_arm_controller/local_setup.sh
-- Up-to-date: /home/kaede-rei/ros2-workspace/moveit-tutorials-ws/install/dm_arm_controller/share/dm_arm_controller/local_setup.zsh
-- Up-to-date: /home/kaede-rei/ros2-workspace/moveit-tutorials-ws/install/dm_arm_controller/share/dm_arm_controller/local_setup.dsv
-- Installing: /home/kaede-rei/ros2-workspace/moveit-tutorials-ws/install/dm_arm_controller/share/dm_arm_controller/package.dsv
-- Up-to-date: /home/kaede-rei/ros2-workspace/moveit-tutorials-ws/install/dm_arm_controller/share/ament_index/resource_index/packages/dm_arm_controller
-- Up-to-date: /home/kaede-rei/ros2-workspace/moveit-tutorials-ws/install/dm_arm_controller/share/dm_arm_controller/cmake/ament_cmake_export_dependencies-extras.cmake
-- Up-to-date: /home/kaede-rei/ros2-workspace/moveit-tutorials-ws/install/dm_arm_controller/share/dm_arm_controller/cmake/ament_cmake_export_include_directories-extras.cmake
-- Up-to-date: /home/kaede-rei/ros2-workspace/moveit-tutorials-ws/install/dm_arm_controller/share/dm_arm_controller/cmake/dm_arm_controllerConfig.cmake
-- Up-to-date: /home/kaede-rei/ros2-workspace/moveit-tutorials-ws/install/dm_arm_controller/share/dm_arm_controller/cmake/dm_arm_controllerConfig-version.cmake
-- Up-to-date: /home/kaede-rei/ros2-workspace/moveit-tutorials-ws/install/dm_arm_controller/share/dm_arm_controller/package.xml
