[0.014s] Invoking command in '/home/kaede-rei/ros2-workspace/moveit-tutorials-ws/build/dm_arm_controller': CMAKE_PREFIX_PATH=${CMAKE_PREFIX_PATH}:/opt/ros/humble /usr/bin/cmake /home/kaede-rei/ros2-workspace/moveit-tutorials-ws/src/dm_arm_controller -DCMAKE_INSTALL_PREFIX=/home/kaede-rei/ros2-workspace/moveit-tutorials-ws/install/dm_arm_controller
[0.106s] -- The C compiler identification is GNU 11.4.0
[0.165s] -- The CXX compiler identification is GNU 11.4.0
[0.171s] -- Detecting C compiler ABI info
[0.241s] -- Detecting C compiler ABI info - done
[0.246s] -- Check for working C compiler: /usr/bin/cc - skipped
[0.246s] -- Detecting C compile features
[0.247s] -- Detecting C compile features - done
[0.249s] -- Detecting CXX compiler ABI info
[0.322s] -- Detecting CXX compiler ABI info - done
[0.327s] -- Check for working CXX compiler: /usr/bin/c++ - skipped
[0.327s] -- Detecting CXX compile features
[0.327s] -- Detecting CXX compile features - done
[0.333s] -- Found ament_cmake: 1.3.12 (/opt/ros/humble/share/ament_cmake/cmake)
[0.468s] -- Found Python3: /usr/bin/python3 (found version "3.10.12") found components: Interpreter 
[0.557s] -- Found rclcpp: 16.0.17 (/opt/ros/humble/share/rclcpp/cmake)
[0.589s] -- Found rosidl_generator_c: 3.1.8 (/opt/ros/humble/share/rosidl_generator_c/cmake)
[0.592s] -- Found rosidl_adapter: 3.1.8 (/opt/ros/humble/share/rosidl_adapter/cmake)
[0.599s] -- Found rosidl_generator_cpp: 3.1.8 (/opt/ros/humble/share/rosidl_generator_cpp/cmake)
[0.610s] -- Using all available rosidl_typesupport_c: rosidl_typesupport_fastrtps_c;rosidl_typesupport_introspection_c
[0.623s] -- Using all available rosidl_typesupport_cpp: rosidl_typesupport_fastrtps_cpp;rosidl_typesupport_introspection_cpp
[0.662s] -- Found rmw_implementation_cmake: 6.1.2 (/opt/ros/humble/share/rmw_implementation_cmake/cmake)
[0.664s] -- Found rmw_cyclonedds_cpp: 1.3.4 (/opt/ros/humble/share/rmw_cyclonedds_cpp/cmake)
[0.680s] -- Using RMW implementation 'rmw_cyclonedds_cpp' as default
[0.687s] -- Looking for pthread.h
[0.760s] -- Looking for pthread.h - found
[0.760s] -- Performing Test CMAKE_HAVE_LIBC_PTHREAD
[0.835s] -- Performing Test CMAKE_HAVE_LIBC_PTHREAD - Success
[0.836s] -- Found Threads: TRUE  
[0.880s] -- Found moveit_ros_planning_interface: 2.5.9 (/opt/ros/humble/share/moveit_ros_planning_interface/cmake)
[0.901s] -- Found Boost: /usr/lib/x86_64-linux-gnu/cmake/Boost-1.74.0/BoostConfig.cmake (found version "1.74.0") found components: date_time filesystem program_options system thread 
[1.038s] -- Found Boost: /usr/lib/x86_64-linux-gnu/cmake/Boost-1.74.0/BoostConfig.cmake (found version "1.74.0") found components: chrono date_time filesystem iostreams program_options regex serialization system thread 
[1.082s] -- Found parameter_traits: 0.6.0 (/opt/ros/humble/share/parameter_traits/cmake)
[1.092s] -- Found rclcpp_lifecycle: 16.0.17 (/opt/ros/humble/share/rclcpp_lifecycle/cmake)
[1.111s] -- Found Boost: /usr/lib/x86_64-linux-gnu/cmake/Boost-1.74.0/BoostConfig.cmake (found version "1.74.0") found components: filesystem 
[1.209s] -- library: /usr/lib/x86_64-linux-gnu/libcurl.so
[1.234s] -- Found Eigen3: TRUE (found version "3.4.0") 
[1.234s] -- Ensuring Eigen3 include directory is part of orocos-kdl CMake target
[1.351s] -- Found Boost: /usr/lib/x86_64-linux-gnu/cmake/Boost-1.74.0/BoostConfig.cmake (found version "1.74.0") found components: system filesystem date_time program_options thread chrono 
[1.375s] -- Found Boost: /usr/lib/x86_64-linux-gnu/cmake/Boost-1.74.0/BoostConfig.cmake (found version "1.74.0") found components: thread system filesystem regex date_time program_options 
[1.465s] -- Found Boost: /usr/lib/x86_64-linux-gnu/cmake/Boost-1.74.0/BoostConfig.cmake (found version "1.74.0") found components: system filesystem date_time program_options thread 
[1.493s] -- Found rosidl_default_generators: 1.2.0 (/opt/ros/humble/share/rosidl_default_generators/cmake)
[1.502s] -- Found ament_lint_auto: 0.12.14 (/opt/ros/humble/share/ament_lint_auto/cmake)
[1.577s] -- Added test 'copyright' to check source files copyright and LICENSE
[1.578s] -- Added test 'cppcheck' to perform static code analysis on C / C++ code
[1.578s] -- Configured cppcheck include dirs: $<BUILD_INTERFACE:/home/kaede-rei/ros2-workspace/moveit-tutorials-ws/src/dm_arm_controller/include>
[1.578s] -- Configured cppcheck exclude dirs and/or files: 
[1.579s] -- Added test 'cpplint' to check C / C++ code against the Google style
[1.579s] -- Configured cpplint exclude dirs and/or files: 
[1.579s] -- Added test 'flake8' to check Python code syntax and style conventions
[1.580s] -- Added test 'lint_cmake' to check CMake code style
[1.580s] -- Added test 'pep257' to check Python code against some of the docstring style conventions in PEP 257
[1.581s] -- Added test 'uncrustify' to check C / C++ code style
[1.581s] -- Configured uncrustify additional arguments: 
[1.581s] -- Added test 'xmllint' to check XML markup files
[1.583s] -- Configuring done
[1.607s] -- Generating done
[1.614s] -- Build files have been written to: /home/kaede-rei/ros2-workspace/moveit-tutorials-ws/build/dm_arm_controller
[1.637s] Invoked command in '/home/kaede-rei/ros2-workspace/moveit-tutorials-ws/build/dm_arm_controller' returned '0': CMAKE_PREFIX_PATH=${CMAKE_PREFIX_PATH}:/opt/ros/humble /usr/bin/cmake /home/kaede-rei/ros2-workspace/moveit-tutorials-ws/src/dm_arm_controller -DCMAKE_INSTALL_PREFIX=/home/kaede-rei/ros2-workspace/moveit-tutorials-ws/install/dm_arm_controller
[1.640s] Invoking command in '/home/kaede-rei/ros2-workspace/moveit-tutorials-ws/build/dm_arm_controller': CMAKE_PREFIX_PATH=${CMAKE_PREFIX_PATH}:/opt/ros/humble /usr/bin/cmake --build /home/kaede-rei/ros2-workspace/moveit-tutorials-ws/build/dm_arm_controller -- -j16 -l16
[1.701s] [ 50%] [32mBuilding CXX object CMakeFiles/end_effector_cmd.dir/src/end_effector_cmd.cpp.o[0m
[8.907s] [100%] [32m[1mLinking CXX executable end_effector_cmd[0m
[9.194s] [100%] Built target end_effector_cmd
[9.207s] Invoked command in '/home/kaede-rei/ros2-workspace/moveit-tutorials-ws/build/dm_arm_controller' returned '0': CMAKE_PREFIX_PATH=${CMAKE_PREFIX_PATH}:/opt/ros/humble /usr/bin/cmake --build /home/kaede-rei/ros2-workspace/moveit-tutorials-ws/build/dm_arm_controller -- -j16 -l16
[9.208s] Invoking command in '/home/kaede-rei/ros2-workspace/moveit-tutorials-ws/build/dm_arm_controller': CMAKE_PREFIX_PATH=${CMAKE_PREFIX_PATH}:/opt/ros/humble /usr/bin/cmake --install /home/kaede-rei/ros2-workspace/moveit-tutorials-ws/build/dm_arm_controller
[9.215s] -- Install configuration: ""
[9.215s] -- Installing: /home/kaede-rei/ros2-workspace/moveit-tutorials-ws/install/dm_arm_controller/lib/dm_arm_controller/end_effector_cmd
[9.216s] -- Set runtime path of "/home/kaede-rei/ros2-workspace/moveit-tutorials-ws/install/dm_arm_controller/lib/dm_arm_controller/end_effector_cmd" to ""
[9.216s] -- Installing: /home/kaede-rei/ros2-workspace/moveit-tutorials-ws/install/dm_arm_controller/include
[9.216s] -- Installing: /home/kaede-rei/ros2-workspace/moveit-tutorials-ws/install/dm_arm_controller/include/dm_arm_controller
[9.216s] -- Installing: /home/kaede-rei/ros2-workspace/moveit-tutorials-ws/install/dm_arm_controller/include/dm_arm_controller/end_effector_cmd.hpp
[9.216s] -- Installing: /home/kaede-rei/ros2-workspace/moveit-tutorials-ws/install/dm_arm_controller/share/dm_arm_controller/launch
[9.216s] -- Installing: /home/kaede-rei/ros2-workspace/moveit-tutorials-ws/install/dm_arm_controller/share/dm_arm_controller/launch/run.launch.py
[9.216s] -- Installing: /home/kaede-rei/ros2-workspace/moveit-tutorials-ws/install/dm_arm_controller/share/ament_index/resource_index/package_run_dependencies/dm_arm_controller
[9.216s] -- Installing: /home/kaede-rei/ros2-workspace/moveit-tutorials-ws/install/dm_arm_controller/share/ament_index/resource_index/parent_prefix_path/dm_arm_controller
[9.216s] -- Installing: /home/kaede-rei/ros2-workspace/moveit-tutorials-ws/install/dm_arm_controller/share/dm_arm_controller/environment/ament_prefix_path.sh
[9.216s] -- Installing: /home/kaede-rei/ros2-workspace/moveit-tutorials-ws/install/dm_arm_controller/share/dm_arm_controller/environment/ament_prefix_path.dsv
[9.216s] -- Installing: /home/kaede-rei/ros2-workspace/moveit-tutorials-ws/install/dm_arm_controller/share/dm_arm_controller/environment/path.sh
[9.216s] -- Installing: /home/kaede-rei/ros2-workspace/moveit-tutorials-ws/install/dm_arm_controller/share/dm_arm_controller/environment/path.dsv
[9.217s] -- Installing: /home/kaede-rei/ros2-workspace/moveit-tutorials-ws/install/dm_arm_controller/share/dm_arm_controller/local_setup.bash
[9.217s] -- Installing: /home/kaede-rei/ros2-workspace/moveit-tutorials-ws/install/dm_arm_controller/share/dm_arm_controller/local_setup.sh
[9.217s] -- Installing: /home/kaede-rei/ros2-workspace/moveit-tutorials-ws/install/dm_arm_controller/share/dm_arm_controller/local_setup.zsh
[9.217s] -- Installing: /home/kaede-rei/ros2-workspace/moveit-tutorials-ws/install/dm_arm_controller/share/dm_arm_controller/local_setup.dsv
[9.217s] -- Installing: /home/kaede-rei/ros2-workspace/moveit-tutorials-ws/install/dm_arm_controller/share/dm_arm_controller/package.dsv
[9.217s] -- Installing: /home/kaede-rei/ros2-workspace/moveit-tutorials-ws/install/dm_arm_controller/share/ament_index/resource_index/packages/dm_arm_controller
[9.217s] -- Installing: /home/kaede-rei/ros2-workspace/moveit-tutorials-ws/install/dm_arm_controller/share/dm_arm_controller/cmake/ament_cmake_export_dependencies-extras.cmake
[9.217s] -- Installing: /home/kaede-rei/ros2-workspace/moveit-tutorials-ws/install/dm_arm_controller/share/dm_arm_controller/cmake/ament_cmake_export_include_directories-extras.cmake
[9.218s] -- Installing: /home/kaede-rei/ros2-workspace/moveit-tutorials-ws/install/dm_arm_controller/share/dm_arm_controller/cmake/dm_arm_controllerConfig.cmake
[9.218s] -- Installing: /home/kaede-rei/ros2-workspace/moveit-tutorials-ws/install/dm_arm_controller/share/dm_arm_controller/cmake/dm_arm_controllerConfig-version.cmake
[9.218s] -- Installing: /home/kaede-rei/ros2-workspace/moveit-tutorials-ws/install/dm_arm_controller/share/dm_arm_controller/package.xml
[9.221s] Invoked command in '/home/kaede-rei/ros2-workspace/moveit-tutorials-ws/build/dm_arm_controller' returned '0': CMAKE_PREFIX_PATH=${CMAKE_PREFIX_PATH}:/opt/ros/humble /usr/bin/cmake --install /home/kaede-rei/ros2-workspace/moveit-tutorials-ws/build/dm_arm_controller
