[0.009s] Invoking command in '/home/kaede-rei/ros2-workspace/moveit-tutorials-ws/build/dm_arm_description': CMAKE_PREFIX_PATH=${CMAKE_PREFIX_PATH}:/opt/ros/humble /usr/bin/cmake --build /home/kaede-rei/ros2-workspace/moveit-tutorials-ws/build/dm_arm_description -- -j16 -l16
[0.045s] Invoked command in '/home/kaede-rei/ros2-workspace/moveit-tutorials-ws/build/dm_arm_description' returned '0': CMAKE_PREFIX_PATH=${CMAKE_PREFIX_PATH}:/opt/ros/humble /usr/bin/cmake --build /home/kaede-rei/ros2-workspace/moveit-tutorials-ws/build/dm_arm_description -- -j16 -l16
[0.053s] Invoking command in '/home/kaede-rei/ros2-workspace/moveit-tutorials-ws/build/dm_arm_description': CMAKE_PREFIX_PATH=${CMAKE_PREFIX_PATH}:/opt/ros/humble /usr/bin/cmake --install /home/kaede-rei/ros2-workspace/moveit-tutorials-ws/build/dm_arm_description
[0.059s] -- Install configuration: ""
[0.059s] -- Up-to-date: /home/kaede-rei/ros2-workspace/moveit-tutorials-ws/install/dm_arm_description/share/dm_arm_description/urdf
[0.059s] -- Up-to-date: /home/kaede-rei/ros2-workspace/moveit-tutorials-ws/install/dm_arm_description/share/dm_arm_description/urdf/dm_arm_description.urdf
[0.059s] -- Up-to-date: /home/kaede-rei/ros2-workspace/moveit-tutorials-ws/install/dm_arm_description/share/dm_arm_description/meshes
[0.059s] -- Up-to-date: /home/kaede-rei/ros2-workspace/moveit-tutorials-ws/install/dm_arm_description/share/dm_arm_description/meshes/collision
[0.059s] -- Up-to-date: /home/kaede-rei/ros2-workspace/moveit-tutorials-ws/install/dm_arm_description/share/dm_arm_description/meshes/collision/finger_left.stl
[0.059s] -- Up-to-date: /home/kaede-rei/ros2-workspace/moveit-tutorials-ws/install/dm_arm_description/share/dm_arm_description/meshes/collision/base_link.stl
[0.059s] -- Up-to-date: /home/kaede-rei/ros2-workspace/moveit-tutorials-ws/install/dm_arm_description/share/dm_arm_description/meshes/collision/finger_right.stl
[0.059s] -- Up-to-date: /home/kaede-rei/ros2-workspace/moveit-tutorials-ws/install/dm_arm_description/share/dm_arm_description/meshes/collision/link2.stl
[0.059s] -- Up-to-date: /home/kaede-rei/ros2-workspace/moveit-tutorials-ws/install/dm_arm_description/share/dm_arm_description/meshes/collision/link4-5.stl
[0.060s] -- Up-to-date: /home/kaede-rei/ros2-workspace/moveit-tutorials-ws/install/dm_arm_description/share/dm_arm_description/meshes/collision/link1.stl
[0.060s] -- Up-to-date: /home/kaede-rei/ros2-workspace/moveit-tutorials-ws/install/dm_arm_description/share/dm_arm_description/meshes/collision/link6-7.stl
[0.060s] -- Up-to-date: /home/kaede-rei/ros2-workspace/moveit-tutorials-ws/install/dm_arm_description/share/dm_arm_description/meshes/collision/link1-2.stl
[0.060s] -- Up-to-date: /home/kaede-rei/ros2-workspace/moveit-tutorials-ws/install/dm_arm_description/share/dm_arm_description/meshes/collision/link5-6.stl
[0.060s] -- Up-to-date: /home/kaede-rei/ros2-workspace/moveit-tutorials-ws/install/dm_arm_description/share/dm_arm_description/meshes/visual
[0.060s] -- Up-to-date: /home/kaede-rei/ros2-workspace/moveit-tutorials-ws/install/dm_arm_description/share/dm_arm_description/meshes/visual/finger_left.dae
[0.060s] -- Up-to-date: /home/kaede-rei/ros2-workspace/moveit-tutorials-ws/install/dm_arm_description/share/dm_arm_description/meshes/visual/link4-5.dae
[0.060s] -- Up-to-date: /home/kaede-rei/ros2-workspace/moveit-tutorials-ws/install/dm_arm_description/share/dm_arm_description/meshes/visual/link6-7.dae
[0.060s] -- Up-to-date: /home/kaede-rei/ros2-workspace/moveit-tutorials-ws/install/dm_arm_description/share/dm_arm_description/meshes/visual/link1-2.dae
[0.060s] -- Up-to-date: /home/kaede-rei/ros2-workspace/moveit-tutorials-ws/install/dm_arm_description/share/dm_arm_description/meshes/visual/link5-6.dae
[0.060s] -- Up-to-date: /home/kaede-rei/ros2-workspace/moveit-tutorials-ws/install/dm_arm_description/share/dm_arm_description/meshes/visual/link2.dae
[0.060s] -- Up-to-date: /home/kaede-rei/ros2-workspace/moveit-tutorials-ws/install/dm_arm_description/share/dm_arm_description/meshes/visual/finger_right.dae
[0.060s] -- Up-to-date: /home/kaede-rei/ros2-workspace/moveit-tutorials-ws/install/dm_arm_description/share/dm_arm_description/meshes/visual/base_link.dae
[0.060s] -- Up-to-date: /home/kaede-rei/ros2-workspace/moveit-tutorials-ws/install/dm_arm_description/share/dm_arm_description/meshes/visual/link1.dae
[0.061s] -- Up-to-date: /home/kaede-rei/ros2-workspace/moveit-tutorials-ws/install/dm_arm_description/share/dm_arm_description/launch
[0.061s] -- Up-to-date: /home/kaede-rei/ros2-workspace/moveit-tutorials-ws/install/dm_arm_description/share/dm_arm_description/launch/display.launch.py
[0.061s] -- Up-to-date: /home/kaede-rei/ros2-workspace/moveit-tutorials-ws/install/dm_arm_description/share/dm_arm_description/config
[0.061s] -- Up-to-date: /home/kaede-rei/ros2-workspace/moveit-tutorials-ws/install/dm_arm_description/share/ament_index/resource_index/package_run_dependencies/dm_arm_description
[0.061s] -- Up-to-date: /home/kaede-rei/ros2-workspace/moveit-tutorials-ws/install/dm_arm_description/share/ament_index/resource_index/parent_prefix_path/dm_arm_description
[0.062s] -- Up-to-date: /home/kaede-rei/ros2-workspace/moveit-tutorials-ws/install/dm_arm_description/share/dm_arm_description/environment/ament_prefix_path.sh
[0.062s] -- Up-to-date: /home/kaede-rei/ros2-workspace/moveit-tutorials-ws/install/dm_arm_description/share/dm_arm_description/environment/ament_prefix_path.dsv
[0.062s] -- Up-to-date: /home/kaede-rei/ros2-workspace/moveit-tutorials-ws/install/dm_arm_description/share/dm_arm_description/environment/path.sh
[0.062s] -- Up-to-date: /home/kaede-rei/ros2-workspace/moveit-tutorials-ws/install/dm_arm_description/share/dm_arm_description/environment/path.dsv
[0.062s] -- Up-to-date: /home/kaede-rei/ros2-workspace/moveit-tutorials-ws/install/dm_arm_description/share/dm_arm_description/local_setup.bash
[0.062s] -- Up-to-date: /home/kaede-rei/ros2-workspace/moveit-tutorials-ws/install/dm_arm_description/share/dm_arm_description/local_setup.sh
[0.062s] -- Up-to-date: /home/kaede-rei/ros2-workspace/moveit-tutorials-ws/install/dm_arm_description/share/dm_arm_description/local_setup.zsh
[0.062s] -- Up-to-date: /home/kaede-rei/ros2-workspace/moveit-tutorials-ws/install/dm_arm_description/share/dm_arm_description/local_setup.dsv
[0.062s] -- Installing: /home/kaede-rei/ros2-workspace/moveit-tutorials-ws/install/dm_arm_description/share/dm_arm_description/package.dsv
[0.062s] -- Up-to-date: /home/kaede-rei/ros2-workspace/moveit-tutorials-ws/install/dm_arm_description/share/ament_index/resource_index/packages/dm_arm_description
[0.062s] -- Up-to-date: /home/kaede-rei/ros2-workspace/moveit-tutorials-ws/install/dm_arm_description/share/dm_arm_description/cmake/dm_arm_descriptionConfig.cmake
[0.062s] -- Up-to-date: /home/kaede-rei/ros2-workspace/moveit-tutorials-ws/install/dm_arm_description/share/dm_arm_description/cmake/dm_arm_descriptionConfig-version.cmake
[0.062s] -- Up-to-date: /home/kaede-rei/ros2-workspace/moveit-tutorials-ws/install/dm_arm_description/share/dm_arm_description/package.xml
[0.063s] Invoked command in '/home/kaede-rei/ros2-workspace/moveit-tutorials-ws/build/dm_arm_description' returned '0': CMAKE_PREFIX_PATH=${CMAKE_PREFIX_PATH}:/opt/ros/humble /usr/bin/cmake --install /home/kaede-rei/ros2-workspace/moveit-tutorials-ws/build/dm_arm_description
