[0.090s] DEBUG:colcon:Command line arguments: ['/usr/bin/colcon', 'build']
[0.090s] DEBUG:colcon:Parsed command line arguments: Namespace(log_base=None, log_level=None, verb_name='build', build_base='build', install_base='install', merge_install=False, symlink_install=False, test_result_base=None, continue_on_error=False, executor='parallel', parallel_workers=16, event_handlers=None, ignore_user_meta=False, metas=['./colcon.meta'], base_paths=['.'], packages_ignore=None, packages_ignore_regex=None, paths=None, packages_up_to=None, packages_up_to_regex=None, packages_above=None, packages_above_and_dependencies=None, packages_above_depth=None, packages_select_by_dep=None, packages_skip_by_dep=None, packages_skip_up_to=None, packages_select_build_failed=False, packages_skip_build_finished=False, packages_select_test_failures=False, packages_skip_test_passed=False, packages_select=None, packages_skip=None, packages_select_regex=None, packages_skip_regex=None, packages_start=None, packages_end=None, allow_overriding=[], cmake_args=None, cmake_target=None, cmake_target_skip_unavailable=False, cmake_clean_cache=False, cmake_clean_first=False, cmake_force_configure=False, ament_cmake_args=None, catkin_cmake_args=None, catkin_skip_building_tests=False, verb_parser=<colcon_defaults.argument_parser.defaults.DefaultArgumentsDecorator object at 0x7eab46e640a0>, verb_extension=<colcon_core.verb.build.BuildVerb object at 0x7eab46e2afb0>, main=<bound method BuildVerb.main of <colcon_core.verb.build.BuildVerb object at 0x7eab46e2afb0>>)
[0.211s] Level 1:colcon.colcon_core.package_discovery:discover_packages(colcon_meta) check parameters
[0.212s] Level 1:colcon.colcon_core.package_discovery:discover_packages(recursive) check parameters
[0.212s] Level 1:colcon.colcon_core.package_discovery:discover_packages(ignore) check parameters
[0.212s] Level 1:colcon.colcon_core.package_discovery:discover_packages(path) check parameters
[0.212s] Level 1:colcon.colcon_core.package_discovery:discover_packages(colcon_meta) discover
[0.212s] Level 1:colcon.colcon_core.package_discovery:discover_packages(recursive) discover
[0.212s] INFO:colcon.colcon_core.package_discovery:Crawling recursively for packages in '/home/kaede-rei/ros2-workspace/moveit-tutorials-ws'
[0.212s] Level 1:colcon.colcon_core.package_identification:_identify(.) by extensions ['ignore', 'ignore_ament_install']
[0.212s] Level 1:colcon.colcon_core.package_identification:_identify(.) by extension 'ignore'
[0.212s] Level 1:colcon.colcon_core.package_identification:_identify(.) by extension 'ignore_ament_install'
[0.212s] Level 1:colcon.colcon_core.package_identification:_identify(.) by extensions ['colcon_pkg']
[0.212s] Level 1:colcon.colcon_core.package_identification:_identify(.) by extension 'colcon_pkg'
[0.212s] Level 1:colcon.colcon_core.package_identification:_identify(.) by extensions ['colcon_meta']
[0.212s] Level 1:colcon.colcon_core.package_identification:_identify(.) by extension 'colcon_meta'
[0.212s] Level 1:colcon.colcon_core.package_identification:_identify(.) by extensions ['ros']
[0.212s] Level 1:colcon.colcon_core.package_identification:_identify(.) by extension 'ros'
[0.220s] Level 1:colcon.colcon_core.package_identification:_identify(.) by extensions ['cmake', 'python']
[0.220s] Level 1:colcon.colcon_core.package_identification:_identify(.) by extension 'cmake'
[0.220s] Level 1:colcon.colcon_core.package_identification:_identify(.) by extension 'python'
[0.220s] Level 1:colcon.colcon_core.package_identification:_identify(.) by extensions ['python_setup_py']
[0.220s] Level 1:colcon.colcon_core.package_identification:_identify(.) by extension 'python_setup_py'
[0.220s] Level 1:colcon.colcon_core.package_identification:_identify(Tutorial.assets) by extensions ['ignore', 'ignore_ament_install']
[0.220s] Level 1:colcon.colcon_core.package_identification:_identify(Tutorial.assets) by extension 'ignore'
[0.220s] Level 1:colcon.colcon_core.package_identification:_identify(Tutorial.assets) by extension 'ignore_ament_install'
[0.220s] Level 1:colcon.colcon_core.package_identification:_identify(Tutorial.assets) by extensions ['colcon_pkg']
[0.220s] Level 1:colcon.colcon_core.package_identification:_identify(Tutorial.assets) by extension 'colcon_pkg'
[0.220s] Level 1:colcon.colcon_core.package_identification:_identify(Tutorial.assets) by extensions ['colcon_meta']
[0.220s] Level 1:colcon.colcon_core.package_identification:_identify(Tutorial.assets) by extension 'colcon_meta'
[0.220s] Level 1:colcon.colcon_core.package_identification:_identify(Tutorial.assets) by extensions ['ros']
[0.220s] Level 1:colcon.colcon_core.package_identification:_identify(Tutorial.assets) by extension 'ros'
[0.220s] Level 1:colcon.colcon_core.package_identification:_identify(Tutorial.assets) by extensions ['cmake', 'python']
[0.220s] Level 1:colcon.colcon_core.package_identification:_identify(Tutorial.assets) by extension 'cmake'
[0.220s] Level 1:colcon.colcon_core.package_identification:_identify(Tutorial.assets) by extension 'python'
[0.220s] Level 1:colcon.colcon_core.package_identification:_identify(Tutorial.assets) by extensions ['python_setup_py']
[0.220s] Level 1:colcon.colcon_core.package_identification:_identify(Tutorial.assets) by extension 'python_setup_py'
[0.220s] Level 1:colcon.colcon_core.package_identification:_identify(build) by extensions ['ignore', 'ignore_ament_install']
[0.220s] Level 1:colcon.colcon_core.package_identification:_identify(build) by extension 'ignore'
[0.220s] Level 1:colcon.colcon_core.package_identification:_identify(build) ignored
[0.220s] Level 1:colcon.colcon_core.package_identification:_identify(docs) by extensions ['ignore', 'ignore_ament_install']
[0.221s] Level 1:colcon.colcon_core.package_identification:_identify(docs) by extension 'ignore'
[0.221s] Level 1:colcon.colcon_core.package_identification:_identify(docs) by extension 'ignore_ament_install'
[0.221s] Level 1:colcon.colcon_core.package_identification:_identify(docs) by extensions ['colcon_pkg']
[0.221s] Level 1:colcon.colcon_core.package_identification:_identify(docs) by extension 'colcon_pkg'
[0.221s] Level 1:colcon.colcon_core.package_identification:_identify(docs) by extensions ['colcon_meta']
[0.221s] Level 1:colcon.colcon_core.package_identification:_identify(docs) by extension 'colcon_meta'
[0.221s] Level 1:colcon.colcon_core.package_identification:_identify(docs) by extensions ['ros']
[0.221s] Level 1:colcon.colcon_core.package_identification:_identify(docs) by extension 'ros'
[0.221s] Level 1:colcon.colcon_core.package_identification:_identify(docs) by extensions ['cmake', 'python']
[0.221s] Level 1:colcon.colcon_core.package_identification:_identify(docs) by extension 'cmake'
[0.221s] Level 1:colcon.colcon_core.package_identification:_identify(docs) by extension 'python'
[0.221s] Level 1:colcon.colcon_core.package_identification:_identify(docs) by extensions ['python_setup_py']
[0.221s] Level 1:colcon.colcon_core.package_identification:_identify(docs) by extension 'python_setup_py'
[0.221s] Level 1:colcon.colcon_core.package_identification:_identify(install) by extensions ['ignore', 'ignore_ament_install']
[0.221s] Level 1:colcon.colcon_core.package_identification:_identify(install) by extension 'ignore'
[0.221s] Level 1:colcon.colcon_core.package_identification:_identify(install) ignored
[0.221s] Level 1:colcon.colcon_core.package_identification:_identify(log) by extensions ['ignore', 'ignore_ament_install']
[0.221s] Level 1:colcon.colcon_core.package_identification:_identify(log) by extension 'ignore'
[0.221s] Level 1:colcon.colcon_core.package_identification:_identify(log) ignored
[0.221s] Level 1:colcon.colcon_core.package_identification:_identify(src) by extensions ['ignore', 'ignore_ament_install']
[0.221s] Level 1:colcon.colcon_core.package_identification:_identify(src) by extension 'ignore'
[0.221s] Level 1:colcon.colcon_core.package_identification:_identify(src) by extension 'ignore_ament_install'
[0.221s] Level 1:colcon.colcon_core.package_identification:_identify(src) by extensions ['colcon_pkg']
[0.221s] Level 1:colcon.colcon_core.package_identification:_identify(src) by extension 'colcon_pkg'
[0.221s] Level 1:colcon.colcon_core.package_identification:_identify(src) by extensions ['colcon_meta']
[0.221s] Level 1:colcon.colcon_core.package_identification:_identify(src) by extension 'colcon_meta'
[0.221s] Level 1:colcon.colcon_core.package_identification:_identify(src) by extensions ['ros']
[0.221s] Level 1:colcon.colcon_core.package_identification:_identify(src) by extension 'ros'
[0.221s] Level 1:colcon.colcon_core.package_identification:_identify(src) by extensions ['cmake', 'python']
[0.221s] Level 1:colcon.colcon_core.package_identification:_identify(src) by extension 'cmake'
[0.221s] Level 1:colcon.colcon_core.package_identification:_identify(src) by extension 'python'
[0.221s] Level 1:colcon.colcon_core.package_identification:_identify(src) by extensions ['python_setup_py']
[0.221s] Level 1:colcon.colcon_core.package_identification:_identify(src) by extension 'python_setup_py'
[0.221s] Level 1:colcon.colcon_core.package_identification:_identify(src/dm_arm_controller) by extensions ['ignore', 'ignore_ament_install']
[0.221s] Level 1:colcon.colcon_core.package_identification:_identify(src/dm_arm_controller) by extension 'ignore'
[0.221s] Level 1:colcon.colcon_core.package_identification:_identify(src/dm_arm_controller) by extension 'ignore_ament_install'
[0.221s] Level 1:colcon.colcon_core.package_identification:_identify(src/dm_arm_controller) by extensions ['colcon_pkg']
[0.221s] Level 1:colcon.colcon_core.package_identification:_identify(src/dm_arm_controller) by extension 'colcon_pkg'
[0.222s] Level 1:colcon.colcon_core.package_identification:_identify(src/dm_arm_controller) by extensions ['colcon_meta']
[0.222s] Level 1:colcon.colcon_core.package_identification:_identify(src/dm_arm_controller) by extension 'colcon_meta'
[0.222s] Level 1:colcon.colcon_core.package_identification:_identify(src/dm_arm_controller) by extensions ['ros']
[0.222s] Level 1:colcon.colcon_core.package_identification:_identify(src/dm_arm_controller) by extension 'ros'
[0.224s] DEBUG:colcon.colcon_core.package_identification:Package 'src/dm_arm_controller' with type 'ros.ament_cmake' and name 'dm_arm_controller'
[0.224s] Level 1:colcon.colcon_core.package_identification:_identify(src/dm_arm_description) by extensions ['ignore', 'ignore_ament_install']
[0.224s] Level 1:colcon.colcon_core.package_identification:_identify(src/dm_arm_description) by extension 'ignore'
[0.224s] Level 1:colcon.colcon_core.package_identification:_identify(src/dm_arm_description) by extension 'ignore_ament_install'
[0.224s] Level 1:colcon.colcon_core.package_identification:_identify(src/dm_arm_description) by extensions ['colcon_pkg']
[0.224s] Level 1:colcon.colcon_core.package_identification:_identify(src/dm_arm_description) by extension 'colcon_pkg'
[0.224s] Level 1:colcon.colcon_core.package_identification:_identify(src/dm_arm_description) by extensions ['colcon_meta']
[0.224s] Level 1:colcon.colcon_core.package_identification:_identify(src/dm_arm_description) by extension 'colcon_meta'
[0.224s] Level 1:colcon.colcon_core.package_identification:_identify(src/dm_arm_description) by extensions ['ros']
[0.224s] Level 1:colcon.colcon_core.package_identification:_identify(src/dm_arm_description) by extension 'ros'
[0.225s] DEBUG:colcon.colcon_core.package_identification:Package 'src/dm_arm_description' with type 'ros.ament_cmake' and name 'dm_arm_description'
[0.225s] Level 1:colcon.colcon_core.package_identification:_identify(src/dm_arm_moveit_config) by extensions ['ignore', 'ignore_ament_install']
[0.225s] Level 1:colcon.colcon_core.package_identification:_identify(src/dm_arm_moveit_config) by extension 'ignore'
[0.225s] Level 1:colcon.colcon_core.package_identification:_identify(src/dm_arm_moveit_config) by extension 'ignore_ament_install'
[0.225s] Level 1:colcon.colcon_core.package_identification:_identify(src/dm_arm_moveit_config) by extensions ['colcon_pkg']
[0.225s] Level 1:colcon.colcon_core.package_identification:_identify(src/dm_arm_moveit_config) by extension 'colcon_pkg'
[0.225s] Level 1:colcon.colcon_core.package_identification:_identify(src/dm_arm_moveit_config) by extensions ['colcon_meta']
[0.225s] Level 1:colcon.colcon_core.package_identification:_identify(src/dm_arm_moveit_config) by extension 'colcon_meta'
[0.225s] Level 1:colcon.colcon_core.package_identification:_identify(src/dm_arm_moveit_config) by extensions ['ros']
[0.225s] Level 1:colcon.colcon_core.package_identification:_identify(src/dm_arm_moveit_config) by extension 'ros'
[0.226s] DEBUG:colcon.colcon_core.package_identification:Package 'src/dm_arm_moveit_config' with type 'ros.ament_cmake' and name 'dm_arm_moveit_config'
[0.226s] Level 1:colcon.colcon_core.package_discovery:discover_packages(recursive) using defaults
[0.226s] Level 1:colcon.colcon_core.package_discovery:discover_packages(ignore) discover
[0.226s] Level 1:colcon.colcon_core.package_discovery:discover_packages(ignore) using defaults
[0.226s] Level 1:colcon.colcon_core.package_discovery:discover_packages(path) discover
[0.226s] Level 1:colcon.colcon_core.package_discovery:discover_packages(path) using defaults
[0.258s] Level 1:colcon.colcon_core.package_discovery:discover_packages(prefix_path) check parameters
[0.258s] Level 1:colcon.colcon_core.package_discovery:discover_packages(prefix_path) discover
[0.259s] DEBUG:colcon.colcon_installed_package_information.package_discovery:Found 3 installed packages in /home/kaede-rei/ros2-workspace/moveit-tutorials-ws/install
[0.261s] DEBUG:colcon.colcon_installed_package_information.package_discovery:Found 359 installed packages in /opt/ros/humble
[0.262s] Level 1:colcon.colcon_core.package_discovery:discover_packages(prefix_path) using defaults
[0.293s] Level 5:colcon.colcon_core.verb:set package 'dm_arm_controller' build argument 'cmake_args' from command line to 'None'
[0.293s] Level 5:colcon.colcon_core.verb:set package 'dm_arm_controller' build argument 'cmake_target' from command line to 'None'
[0.293s] Level 5:colcon.colcon_core.verb:set package 'dm_arm_controller' build argument 'cmake_target_skip_unavailable' from command line to 'False'
[0.293s] Level 5:colcon.colcon_core.verb:set package 'dm_arm_controller' build argument 'cmake_clean_cache' from command line to 'False'
[0.293s] Level 5:colcon.colcon_core.verb:set package 'dm_arm_controller' build argument 'cmake_clean_first' from command line to 'False'
[0.293s] Level 5:colcon.colcon_core.verb:set package 'dm_arm_controller' build argument 'cmake_force_configure' from command line to 'False'
[0.293s] Level 5:colcon.colcon_core.verb:set package 'dm_arm_controller' build argument 'ament_cmake_args' from command line to 'None'
[0.293s] Level 5:colcon.colcon_core.verb:set package 'dm_arm_controller' build argument 'catkin_cmake_args' from command line to 'None'
[0.293s] Level 5:colcon.colcon_core.verb:set package 'dm_arm_controller' build argument 'catkin_skip_building_tests' from command line to 'False'
[0.293s] DEBUG:colcon.colcon_core.verb:Building package 'dm_arm_controller' with the following arguments: {'ament_cmake_args': None, 'build_base': '/home/kaede-rei/ros2-workspace/moveit-tutorials-ws/build/dm_arm_controller', 'catkin_cmake_args': None, 'catkin_skip_building_tests': False, 'cmake_args': None, 'cmake_clean_cache': False, 'cmake_clean_first': False, 'cmake_force_configure': False, 'cmake_target': None, 'cmake_target_skip_unavailable': False, 'install_base': '/home/kaede-rei/ros2-workspace/moveit-tutorials-ws/install/dm_arm_controller', 'merge_install': False, 'path': '/home/kaede-rei/ros2-workspace/moveit-tutorials-ws/src/dm_arm_controller', 'symlink_install': False, 'test_result_base': None}
[0.294s] Level 5:colcon.colcon_core.verb:set package 'dm_arm_description' build argument 'cmake_args' from command line to 'None'
[0.294s] Level 5:colcon.colcon_core.verb:set package 'dm_arm_description' build argument 'cmake_target' from command line to 'None'
[0.294s] Level 5:colcon.colcon_core.verb:set package 'dm_arm_description' build argument 'cmake_target_skip_unavailable' from command line to 'False'
[0.294s] Level 5:colcon.colcon_core.verb:set package 'dm_arm_description' build argument 'cmake_clean_cache' from command line to 'False'
[0.294s] Level 5:colcon.colcon_core.verb:set package 'dm_arm_description' build argument 'cmake_clean_first' from command line to 'False'
[0.294s] Level 5:colcon.colcon_core.verb:set package 'dm_arm_description' build argument 'cmake_force_configure' from command line to 'False'
[0.294s] Level 5:colcon.colcon_core.verb:set package 'dm_arm_description' build argument 'ament_cmake_args' from command line to 'None'
[0.294s] Level 5:colcon.colcon_core.verb:set package 'dm_arm_description' build argument 'catkin_cmake_args' from command line to 'None'
[0.294s] Level 5:colcon.colcon_core.verb:set package 'dm_arm_description' build argument 'catkin_skip_building_tests' from command line to 'False'
[0.295s] DEBUG:colcon.colcon_core.verb:Building package 'dm_arm_description' with the following arguments: {'ament_cmake_args': None, 'build_base': '/home/kaede-rei/ros2-workspace/moveit-tutorials-ws/build/dm_arm_description', 'catkin_cmake_args': None, 'catkin_skip_building_tests': False, 'cmake_args': None, 'cmake_clean_cache': False, 'cmake_clean_first': False, 'cmake_force_configure': False, 'cmake_target': None, 'cmake_target_skip_unavailable': False, 'install_base': '/home/kaede-rei/ros2-workspace/moveit-tutorials-ws/install/dm_arm_description', 'merge_install': False, 'path': '/home/kaede-rei/ros2-workspace/moveit-tutorials-ws/src/dm_arm_description', 'symlink_install': False, 'test_result_base': None}
[0.295s] Level 5:colcon.colcon_core.verb:set package 'dm_arm_moveit_config' build argument 'cmake_args' from command line to 'None'
[0.295s] Level 5:colcon.colcon_core.verb:set package 'dm_arm_moveit_config' build argument 'cmake_target' from command line to 'None'
[0.295s] Level 5:colcon.colcon_core.verb:set package 'dm_arm_moveit_config' build argument 'cmake_target_skip_unavailable' from command line to 'False'
[0.295s] Level 5:colcon.colcon_core.verb:set package 'dm_arm_moveit_config' build argument 'cmake_clean_cache' from command line to 'False'
[0.295s] Level 5:colcon.colcon_core.verb:set package 'dm_arm_moveit_config' build argument 'cmake_clean_first' from command line to 'False'
[0.295s] Level 5:colcon.colcon_core.verb:set package 'dm_arm_moveit_config' build argument 'cmake_force_configure' from command line to 'False'
[0.295s] Level 5:colcon.colcon_core.verb:set package 'dm_arm_moveit_config' build argument 'ament_cmake_args' from command line to 'None'
[0.295s] Level 5:colcon.colcon_core.verb:set package 'dm_arm_moveit_config' build argument 'catkin_cmake_args' from command line to 'None'
[0.295s] Level 5:colcon.colcon_core.verb:set package 'dm_arm_moveit_config' build argument 'catkin_skip_building_tests' from command line to 'False'
[0.295s] DEBUG:colcon.colcon_core.verb:Building package 'dm_arm_moveit_config' with the following arguments: {'ament_cmake_args': None, 'build_base': '/home/kaede-rei/ros2-workspace/moveit-tutorials-ws/build/dm_arm_moveit_config', 'catkin_cmake_args': None, 'catkin_skip_building_tests': False, 'cmake_args': None, 'cmake_clean_cache': False, 'cmake_clean_first': False, 'cmake_force_configure': False, 'cmake_target': None, 'cmake_target_skip_unavailable': False, 'install_base': '/home/kaede-rei/ros2-workspace/moveit-tutorials-ws/install/dm_arm_moveit_config', 'merge_install': False, 'path': '/home/kaede-rei/ros2-workspace/moveit-tutorials-ws/src/dm_arm_moveit_config', 'symlink_install': False, 'test_result_base': None}
[0.295s] INFO:colcon.colcon_core.executor:Executing jobs using 'parallel' executor
[0.298s] DEBUG:colcon.colcon_parallel_executor.executor.parallel:run_until_complete
[0.298s] INFO:colcon.colcon_ros.task.ament_cmake.build:Building ROS package in '/home/kaede-rei/ros2-workspace/moveit-tutorials-ws/src/dm_arm_description' with build type 'ament_cmake'
[0.298s] INFO:colcon.colcon_cmake.task.cmake.build:Building CMake package in '/home/kaede-rei/ros2-workspace/moveit-tutorials-ws/src/dm_arm_description'
[0.300s] INFO:colcon.colcon_core.plugin_system:Skipping extension 'colcon_core.shell.bat': Not used on non-Windows systems
[0.300s] INFO:colcon.colcon_core.shell:Skip shell extension 'powershell' for command environment: Not usable outside of PowerShell
[0.300s] DEBUG:colcon.colcon_core.shell:Skip shell extension 'dsv' for command environment
[0.303s] INFO:colcon.colcon_ros.task.ament_cmake.build:Building ROS package in '/home/kaede-rei/ros2-workspace/moveit-tutorials-ws/src/dm_arm_controller' with build type 'ament_cmake'
[0.303s] INFO:colcon.colcon_cmake.task.cmake.build:Building CMake package in '/home/kaede-rei/ros2-workspace/moveit-tutorials-ws/src/dm_arm_controller'
[0.303s] INFO:colcon.colcon_core.shell:Skip shell extension 'powershell' for command environment: Not usable outside of PowerShell
[0.303s] DEBUG:colcon.colcon_core.shell:Skip shell extension 'dsv' for command environment
[0.311s] DEBUG:colcon.colcon_core.event_handler.log_command:Invoking command in '/home/kaede-rei/ros2-workspace/moveit-tutorials-ws/build/dm_arm_description': CMAKE_PREFIX_PATH=${CMAKE_PREFIX_PATH}:/opt/ros/humble /usr/bin/cmake --build /home/kaede-rei/ros2-workspace/moveit-tutorials-ws/build/dm_arm_description -- -j16 -l16
[0.333s] DEBUG:colcon.colcon_core.event_handler.log_command:Invoking command in '/home/kaede-rei/ros2-workspace/moveit-tutorials-ws/build/dm_arm_controller': CMAKE_PREFIX_PATH=${CMAKE_PREFIX_PATH}:/opt/ros/humble /usr/bin/cmake --build /home/kaede-rei/ros2-workspace/moveit-tutorials-ws/build/dm_arm_controller -- -j16 -l16
[0.356s] DEBUG:colcon.colcon_core.event_handler.log_command:Invoked command in '/home/kaede-rei/ros2-workspace/moveit-tutorials-ws/build/dm_arm_description' returned '0': CMAKE_PREFIX_PATH=${CMAKE_PREFIX_PATH}:/opt/ros/humble /usr/bin/cmake --build /home/kaede-rei/ros2-workspace/moveit-tutorials-ws/build/dm_arm_description -- -j16 -l16
[0.367s] DEBUG:colcon.colcon_core.event_handler.log_command:Invoking command in '/home/kaede-rei/ros2-workspace/moveit-tutorials-ws/build/dm_arm_description': CMAKE_PREFIX_PATH=${CMAKE_PREFIX_PATH}:/opt/ros/humble /usr/bin/cmake --install /home/kaede-rei/ros2-workspace/moveit-tutorials-ws/build/dm_arm_description
[0.378s] Level 1:colcon.colcon_core.environment:create_environment_scripts_only(dm_arm_description)
[0.379s] DEBUG:colcon.colcon_core.event_handler.log_command:Invoked command in '/home/kaede-rei/ros2-workspace/moveit-tutorials-ws/build/dm_arm_description' returned '0': CMAKE_PREFIX_PATH=${CMAKE_PREFIX_PATH}:/opt/ros/humble /usr/bin/cmake --install /home/kaede-rei/ros2-workspace/moveit-tutorials-ws/build/dm_arm_description
[0.381s] Level 1:colcon.colcon_core.environment:checking '/home/kaede-rei/ros2-workspace/moveit-tutorials-ws/install/dm_arm_description' for CMake module files
[0.381s] Level 1:colcon.colcon_core.environment:checking '/home/kaede-rei/ros2-workspace/moveit-tutorials-ws/install/dm_arm_description' for CMake config files
[0.381s] Level 1:colcon.colcon_core.shell:create_environment_hook('dm_arm_description', 'cmake_prefix_path')
[0.381s] INFO:colcon.colcon_core.shell:Creating environment hook '/home/kaede-rei/ros2-workspace/moveit-tutorials-ws/install/dm_arm_description/share/dm_arm_description/hook/cmake_prefix_path.ps1'
[0.382s] INFO:colcon.colcon_core.shell:Creating environment descriptor '/home/kaede-rei/ros2-workspace/moveit-tutorials-ws/install/dm_arm_description/share/dm_arm_description/hook/cmake_prefix_path.dsv'
[0.382s] INFO:colcon.colcon_core.shell:Creating environment hook '/home/kaede-rei/ros2-workspace/moveit-tutorials-ws/install/dm_arm_description/share/dm_arm_description/hook/cmake_prefix_path.sh'
[0.383s] Level 1:colcon.colcon_core.environment:checking '/home/kaede-rei/ros2-workspace/moveit-tutorials-ws/install/dm_arm_description/bin'
[0.383s] Level 1:colcon.colcon_core.environment:checking '/home/kaede-rei/ros2-workspace/moveit-tutorials-ws/install/dm_arm_description/lib/pkgconfig/dm_arm_description.pc'
[0.383s] Level 1:colcon.colcon_core.environment:checking '/home/kaede-rei/ros2-workspace/moveit-tutorials-ws/install/dm_arm_description/lib/python3.10/site-packages'
[0.384s] Level 1:colcon.colcon_core.environment:checking '/home/kaede-rei/ros2-workspace/moveit-tutorials-ws/install/dm_arm_description/bin'
[0.384s] INFO:colcon.colcon_core.shell:Creating package script '/home/kaede-rei/ros2-workspace/moveit-tutorials-ws/install/dm_arm_description/share/dm_arm_description/package.ps1'
[0.384s] INFO:colcon.colcon_core.shell:Creating package descriptor '/home/kaede-rei/ros2-workspace/moveit-tutorials-ws/install/dm_arm_description/share/dm_arm_description/package.dsv'
[0.385s] INFO:colcon.colcon_core.shell:Creating package script '/home/kaede-rei/ros2-workspace/moveit-tutorials-ws/install/dm_arm_description/share/dm_arm_description/package.sh'
[0.385s] INFO:colcon.colcon_core.shell:Creating package script '/home/kaede-rei/ros2-workspace/moveit-tutorials-ws/install/dm_arm_description/share/dm_arm_description/package.bash'
[0.386s] INFO:colcon.colcon_core.shell:Creating package script '/home/kaede-rei/ros2-workspace/moveit-tutorials-ws/install/dm_arm_description/share/dm_arm_description/package.zsh'
[0.386s] Level 1:colcon.colcon_core.environment:create_file_with_runtime_dependencies(/home/kaede-rei/ros2-workspace/moveit-tutorials-ws/install/dm_arm_description/share/colcon-core/packages/dm_arm_description)
[0.387s] Level 1:colcon.colcon_core.environment:create_environment_scripts_only(dm_arm_description)
[0.387s] Level 1:colcon.colcon_core.environment:checking '/home/kaede-rei/ros2-workspace/moveit-tutorials-ws/install/dm_arm_description' for CMake module files
[0.387s] Level 1:colcon.colcon_core.environment:checking '/home/kaede-rei/ros2-workspace/moveit-tutorials-ws/install/dm_arm_description' for CMake config files
[0.388s] Level 1:colcon.colcon_core.shell:create_environment_hook('dm_arm_description', 'cmake_prefix_path')
[0.388s] INFO:colcon.colcon_core.shell:Creating environment hook '/home/kaede-rei/ros2-workspace/moveit-tutorials-ws/install/dm_arm_description/share/dm_arm_description/hook/cmake_prefix_path.ps1'
[0.388s] INFO:colcon.colcon_core.shell:Creating environment descriptor '/home/kaede-rei/ros2-workspace/moveit-tutorials-ws/install/dm_arm_description/share/dm_arm_description/hook/cmake_prefix_path.dsv'
[0.388s] INFO:colcon.colcon_core.shell:Creating environment hook '/home/kaede-rei/ros2-workspace/moveit-tutorials-ws/install/dm_arm_description/share/dm_arm_description/hook/cmake_prefix_path.sh'
[0.388s] Level 1:colcon.colcon_core.environment:checking '/home/kaede-rei/ros2-workspace/moveit-tutorials-ws/install/dm_arm_description/bin'
[0.389s] Level 1:colcon.colcon_core.environment:checking '/home/kaede-rei/ros2-workspace/moveit-tutorials-ws/install/dm_arm_description/lib/pkgconfig/dm_arm_description.pc'
[0.389s] Level 1:colcon.colcon_core.environment:checking '/home/kaede-rei/ros2-workspace/moveit-tutorials-ws/install/dm_arm_description/lib/python3.10/site-packages'
[0.389s] Level 1:colcon.colcon_core.environment:checking '/home/kaede-rei/ros2-workspace/moveit-tutorials-ws/install/dm_arm_description/bin'
[0.389s] INFO:colcon.colcon_core.shell:Creating package script '/home/kaede-rei/ros2-workspace/moveit-tutorials-ws/install/dm_arm_description/share/dm_arm_description/package.ps1'
[0.390s] INFO:colcon.colcon_core.shell:Creating package descriptor '/home/kaede-rei/ros2-workspace/moveit-tutorials-ws/install/dm_arm_description/share/dm_arm_description/package.dsv'
[0.390s] INFO:colcon.colcon_core.shell:Creating package script '/home/kaede-rei/ros2-workspace/moveit-tutorials-ws/install/dm_arm_description/share/dm_arm_description/package.sh'
[0.391s] INFO:colcon.colcon_core.shell:Creating package script '/home/kaede-rei/ros2-workspace/moveit-tutorials-ws/install/dm_arm_description/share/dm_arm_description/package.bash'
[0.391s] INFO:colcon.colcon_core.shell:Creating package script '/home/kaede-rei/ros2-workspace/moveit-tutorials-ws/install/dm_arm_description/share/dm_arm_description/package.zsh'
[0.391s] Level 1:colcon.colcon_core.environment:create_file_with_runtime_dependencies(/home/kaede-rei/ros2-workspace/moveit-tutorials-ws/install/dm_arm_description/share/colcon-core/packages/dm_arm_description)
[0.392s] INFO:colcon.colcon_ros.task.ament_cmake.build:Building ROS package in '/home/kaede-rei/ros2-workspace/moveit-tutorials-ws/src/dm_arm_moveit_config' with build type 'ament_cmake'
[0.392s] INFO:colcon.colcon_cmake.task.cmake.build:Building CMake package in '/home/kaede-rei/ros2-workspace/moveit-tutorials-ws/src/dm_arm_moveit_config'
[0.392s] INFO:colcon.colcon_core.shell:Skip shell extension 'powershell' for command environment: Not usable outside of PowerShell
[0.392s] DEBUG:colcon.colcon_core.shell:Skip shell extension 'dsv' for command environment
[0.400s] DEBUG:colcon.colcon_core.event_handler.log_command:Invoking command in '/home/kaede-rei/ros2-workspace/moveit-tutorials-ws/build/dm_arm_moveit_config': CMAKE_PREFIX_PATH=/home/kaede-rei/ros2-workspace/moveit-tutorials-ws/install/dm_arm_description:/home/kaede-rei/ros2-workspace/moveit-tutorials-ws/install/dm_arm_moveit_config:/home/kaede-rei/ros2-workspace/moveit-tutorials-ws/install/dm_arm_controller:/opt/ros/humble /usr/bin/cmake --build /home/kaede-rei/ros2-workspace/moveit-tutorials-ws/build/dm_arm_moveit_config -- -j16 -l16
[0.436s] DEBUG:colcon.colcon_core.event_handler.log_command:Invoked command in '/home/kaede-rei/ros2-workspace/moveit-tutorials-ws/build/dm_arm_moveit_config' returned '0': CMAKE_PREFIX_PATH=/home/kaede-rei/ros2-workspace/moveit-tutorials-ws/install/dm_arm_description:/home/kaede-rei/ros2-workspace/moveit-tutorials-ws/install/dm_arm_moveit_config:/home/kaede-rei/ros2-workspace/moveit-tutorials-ws/install/dm_arm_controller:/opt/ros/humble /usr/bin/cmake --build /home/kaede-rei/ros2-workspace/moveit-tutorials-ws/build/dm_arm_moveit_config -- -j16 -l16
[0.438s] DEBUG:colcon.colcon_core.event_handler.log_command:Invoking command in '/home/kaede-rei/ros2-workspace/moveit-tutorials-ws/build/dm_arm_moveit_config': CMAKE_PREFIX_PATH=/home/kaede-rei/ros2-workspace/moveit-tutorials-ws/install/dm_arm_description:/home/kaede-rei/ros2-workspace/moveit-tutorials-ws/install/dm_arm_moveit_config:/home/kaede-rei/ros2-workspace/moveit-tutorials-ws/install/dm_arm_controller:/opt/ros/humble /usr/bin/cmake --install /home/kaede-rei/ros2-workspace/moveit-tutorials-ws/build/dm_arm_moveit_config
[0.452s] Level 1:colcon.colcon_core.environment:create_environment_scripts_only(dm_arm_moveit_config)
[0.452s] Level 1:colcon.colcon_core.environment:checking '/home/kaede-rei/ros2-workspace/moveit-tutorials-ws/install/dm_arm_moveit_config' for CMake module files
[0.453s] DEBUG:colcon.colcon_core.event_handler.log_command:Invoked command in '/home/kaede-rei/ros2-workspace/moveit-tutorials-ws/build/dm_arm_moveit_config' returned '0': CMAKE_PREFIX_PATH=/home/kaede-rei/ros2-workspace/moveit-tutorials-ws/install/dm_arm_description:/home/kaede-rei/ros2-workspace/moveit-tutorials-ws/install/dm_arm_moveit_config:/home/kaede-rei/ros2-workspace/moveit-tutorials-ws/install/dm_arm_controller:/opt/ros/humble /usr/bin/cmake --install /home/kaede-rei/ros2-workspace/moveit-tutorials-ws/build/dm_arm_moveit_config
[0.453s] Level 1:colcon.colcon_core.environment:checking '/home/kaede-rei/ros2-workspace/moveit-tutorials-ws/install/dm_arm_moveit_config' for CMake config files
[0.453s] Level 1:colcon.colcon_core.shell:create_environment_hook('dm_arm_moveit_config', 'cmake_prefix_path')
[0.454s] INFO:colcon.colcon_core.shell:Creating environment hook '/home/kaede-rei/ros2-workspace/moveit-tutorials-ws/install/dm_arm_moveit_config/share/dm_arm_moveit_config/hook/cmake_prefix_path.ps1'
[0.454s] INFO:colcon.colcon_core.shell:Creating environment descriptor '/home/kaede-rei/ros2-workspace/moveit-tutorials-ws/install/dm_arm_moveit_config/share/dm_arm_moveit_config/hook/cmake_prefix_path.dsv'
[0.454s] INFO:colcon.colcon_core.shell:Creating environment hook '/home/kaede-rei/ros2-workspace/moveit-tutorials-ws/install/dm_arm_moveit_config/share/dm_arm_moveit_config/hook/cmake_prefix_path.sh'
[0.455s] Level 1:colcon.colcon_core.environment:checking '/home/kaede-rei/ros2-workspace/moveit-tutorials-ws/install/dm_arm_moveit_config/bin'
[0.455s] Level 1:colcon.colcon_core.environment:checking '/home/kaede-rei/ros2-workspace/moveit-tutorials-ws/install/dm_arm_moveit_config/lib/pkgconfig/dm_arm_moveit_config.pc'
[0.455s] Level 1:colcon.colcon_core.environment:checking '/home/kaede-rei/ros2-workspace/moveit-tutorials-ws/install/dm_arm_moveit_config/lib/python3.10/site-packages'
[0.455s] Level 1:colcon.colcon_core.environment:checking '/home/kaede-rei/ros2-workspace/moveit-tutorials-ws/install/dm_arm_moveit_config/bin'
[0.455s] INFO:colcon.colcon_core.shell:Creating package script '/home/kaede-rei/ros2-workspace/moveit-tutorials-ws/install/dm_arm_moveit_config/share/dm_arm_moveit_config/package.ps1'
[0.456s] INFO:colcon.colcon_core.shell:Creating package descriptor '/home/kaede-rei/ros2-workspace/moveit-tutorials-ws/install/dm_arm_moveit_config/share/dm_arm_moveit_config/package.dsv'
[0.456s] INFO:colcon.colcon_core.shell:Creating package script '/home/kaede-rei/ros2-workspace/moveit-tutorials-ws/install/dm_arm_moveit_config/share/dm_arm_moveit_config/package.sh'
[0.456s] INFO:colcon.colcon_core.shell:Creating package script '/home/kaede-rei/ros2-workspace/moveit-tutorials-ws/install/dm_arm_moveit_config/share/dm_arm_moveit_config/package.bash'
[0.456s] INFO:colcon.colcon_core.shell:Creating package script '/home/kaede-rei/ros2-workspace/moveit-tutorials-ws/install/dm_arm_moveit_config/share/dm_arm_moveit_config/package.zsh'
[0.457s] Level 1:colcon.colcon_core.environment:create_file_with_runtime_dependencies(/home/kaede-rei/ros2-workspace/moveit-tutorials-ws/install/dm_arm_moveit_config/share/colcon-core/packages/dm_arm_moveit_config)
[0.457s] Level 1:colcon.colcon_core.environment:create_environment_scripts_only(dm_arm_moveit_config)
[0.457s] Level 1:colcon.colcon_core.environment:checking '/home/kaede-rei/ros2-workspace/moveit-tutorials-ws/install/dm_arm_moveit_config' for CMake module files
[0.458s] Level 1:colcon.colcon_core.environment:checking '/home/kaede-rei/ros2-workspace/moveit-tutorials-ws/install/dm_arm_moveit_config' for CMake config files
[0.458s] Level 1:colcon.colcon_core.shell:create_environment_hook('dm_arm_moveit_config', 'cmake_prefix_path')
[0.458s] INFO:colcon.colcon_core.shell:Creating environment hook '/home/kaede-rei/ros2-workspace/moveit-tutorials-ws/install/dm_arm_moveit_config/share/dm_arm_moveit_config/hook/cmake_prefix_path.ps1'
[0.458s] INFO:colcon.colcon_core.shell:Creating environment descriptor '/home/kaede-rei/ros2-workspace/moveit-tutorials-ws/install/dm_arm_moveit_config/share/dm_arm_moveit_config/hook/cmake_prefix_path.dsv'
[0.459s] INFO:colcon.colcon_core.shell:Creating environment hook '/home/kaede-rei/ros2-workspace/moveit-tutorials-ws/install/dm_arm_moveit_config/share/dm_arm_moveit_config/hook/cmake_prefix_path.sh'
[0.459s] Level 1:colcon.colcon_core.environment:checking '/home/kaede-rei/ros2-workspace/moveit-tutorials-ws/install/dm_arm_moveit_config/bin'
[0.459s] Level 1:colcon.colcon_core.environment:checking '/home/kaede-rei/ros2-workspace/moveit-tutorials-ws/install/dm_arm_moveit_config/lib/pkgconfig/dm_arm_moveit_config.pc'
[0.460s] Level 1:colcon.colcon_core.environment:checking '/home/kaede-rei/ros2-workspace/moveit-tutorials-ws/install/dm_arm_moveit_config/lib/python3.10/site-packages'
[0.460s] Level 1:colcon.colcon_core.environment:checking '/home/kaede-rei/ros2-workspace/moveit-tutorials-ws/install/dm_arm_moveit_config/bin'
[0.461s] INFO:colcon.colcon_core.shell:Creating package script '/home/kaede-rei/ros2-workspace/moveit-tutorials-ws/install/dm_arm_moveit_config/share/dm_arm_moveit_config/package.ps1'
[0.462s] INFO:colcon.colcon_core.shell:Creating package descriptor '/home/kaede-rei/ros2-workspace/moveit-tutorials-ws/install/dm_arm_moveit_config/share/dm_arm_moveit_config/package.dsv'
[0.463s] INFO:colcon.colcon_core.shell:Creating package script '/home/kaede-rei/ros2-workspace/moveit-tutorials-ws/install/dm_arm_moveit_config/share/dm_arm_moveit_config/package.sh'
[0.464s] INFO:colcon.colcon_core.shell:Creating package script '/home/kaede-rei/ros2-workspace/moveit-tutorials-ws/install/dm_arm_moveit_config/share/dm_arm_moveit_config/package.bash'
[0.464s] INFO:colcon.colcon_core.shell:Creating package script '/home/kaede-rei/ros2-workspace/moveit-tutorials-ws/install/dm_arm_moveit_config/share/dm_arm_moveit_config/package.zsh'
[0.465s] Level 1:colcon.colcon_core.environment:create_file_with_runtime_dependencies(/home/kaede-rei/ros2-workspace/moveit-tutorials-ws/install/dm_arm_moveit_config/share/colcon-core/packages/dm_arm_moveit_config)
[8.433s] DEBUG:colcon.colcon_core.event_handler.log_command:Invoked command in '/home/kaede-rei/ros2-workspace/moveit-tutorials-ws/build/dm_arm_controller' returned '0': CMAKE_PREFIX_PATH=${CMAKE_PREFIX_PATH}:/opt/ros/humble /usr/bin/cmake --build /home/kaede-rei/ros2-workspace/moveit-tutorials-ws/build/dm_arm_controller -- -j16 -l16
[8.434s] DEBUG:colcon.colcon_core.event_handler.log_command:Invoking command in '/home/kaede-rei/ros2-workspace/moveit-tutorials-ws/build/dm_arm_controller': CMAKE_PREFIX_PATH=${CMAKE_PREFIX_PATH}:/opt/ros/humble /usr/bin/cmake --install /home/kaede-rei/ros2-workspace/moveit-tutorials-ws/build/dm_arm_controller
[8.447s] Level 1:colcon.colcon_core.environment:create_environment_scripts_only(dm_arm_controller)
[8.448s] Level 1:colcon.colcon_core.environment:checking '/home/kaede-rei/ros2-workspace/moveit-tutorials-ws/install/dm_arm_controller' for CMake module files
[8.448s] DEBUG:colcon.colcon_core.event_handler.log_command:Invoked command in '/home/kaede-rei/ros2-workspace/moveit-tutorials-ws/build/dm_arm_controller' returned '0': CMAKE_PREFIX_PATH=${CMAKE_PREFIX_PATH}:/opt/ros/humble /usr/bin/cmake --install /home/kaede-rei/ros2-workspace/moveit-tutorials-ws/build/dm_arm_controller
[8.448s] Level 1:colcon.colcon_core.environment:checking '/home/kaede-rei/ros2-workspace/moveit-tutorials-ws/install/dm_arm_controller' for CMake config files
[8.449s] Level 1:colcon.colcon_core.shell:create_environment_hook('dm_arm_controller', 'cmake_prefix_path')
[8.449s] INFO:colcon.colcon_core.shell:Creating environment hook '/home/kaede-rei/ros2-workspace/moveit-tutorials-ws/install/dm_arm_controller/share/dm_arm_controller/hook/cmake_prefix_path.ps1'
[8.449s] INFO:colcon.colcon_core.shell:Creating environment descriptor '/home/kaede-rei/ros2-workspace/moveit-tutorials-ws/install/dm_arm_controller/share/dm_arm_controller/hook/cmake_prefix_path.dsv'
[8.450s] INFO:colcon.colcon_core.shell:Creating environment hook '/home/kaede-rei/ros2-workspace/moveit-tutorials-ws/install/dm_arm_controller/share/dm_arm_controller/hook/cmake_prefix_path.sh'
[8.450s] Level 1:colcon.colcon_core.environment:checking '/home/kaede-rei/ros2-workspace/moveit-tutorials-ws/install/dm_arm_controller/lib'
[8.450s] Level 1:colcon.colcon_core.environment:checking '/home/kaede-rei/ros2-workspace/moveit-tutorials-ws/install/dm_arm_controller/bin'
[8.450s] Level 1:colcon.colcon_core.environment:checking '/home/kaede-rei/ros2-workspace/moveit-tutorials-ws/install/dm_arm_controller/lib/pkgconfig/dm_arm_controller.pc'
[8.451s] Level 1:colcon.colcon_core.environment:checking '/home/kaede-rei/ros2-workspace/moveit-tutorials-ws/install/dm_arm_controller/lib/python3.10/site-packages'
[8.451s] Level 1:colcon.colcon_core.environment:checking '/home/kaede-rei/ros2-workspace/moveit-tutorials-ws/install/dm_arm_controller/bin'
[8.451s] INFO:colcon.colcon_core.shell:Creating package script '/home/kaede-rei/ros2-workspace/moveit-tutorials-ws/install/dm_arm_controller/share/dm_arm_controller/package.ps1'
[8.452s] INFO:colcon.colcon_core.shell:Creating package descriptor '/home/kaede-rei/ros2-workspace/moveit-tutorials-ws/install/dm_arm_controller/share/dm_arm_controller/package.dsv'
[8.452s] INFO:colcon.colcon_core.shell:Creating package script '/home/kaede-rei/ros2-workspace/moveit-tutorials-ws/install/dm_arm_controller/share/dm_arm_controller/package.sh'
[8.452s] INFO:colcon.colcon_core.shell:Creating package script '/home/kaede-rei/ros2-workspace/moveit-tutorials-ws/install/dm_arm_controller/share/dm_arm_controller/package.bash'
[8.453s] INFO:colcon.colcon_core.shell:Creating package script '/home/kaede-rei/ros2-workspace/moveit-tutorials-ws/install/dm_arm_controller/share/dm_arm_controller/package.zsh'
[8.453s] Level 1:colcon.colcon_core.environment:create_file_with_runtime_dependencies(/home/kaede-rei/ros2-workspace/moveit-tutorials-ws/install/dm_arm_controller/share/colcon-core/packages/dm_arm_controller)
[8.453s] Level 1:colcon.colcon_core.environment:create_environment_scripts_only(dm_arm_controller)
[8.453s] Level 1:colcon.colcon_core.environment:checking '/home/kaede-rei/ros2-workspace/moveit-tutorials-ws/install/dm_arm_controller' for CMake module files
[8.454s] Level 1:colcon.colcon_core.environment:checking '/home/kaede-rei/ros2-workspace/moveit-tutorials-ws/install/dm_arm_controller' for CMake config files
[8.454s] Level 1:colcon.colcon_core.shell:create_environment_hook('dm_arm_controller', 'cmake_prefix_path')
[8.454s] INFO:colcon.colcon_core.shell:Creating environment hook '/home/kaede-rei/ros2-workspace/moveit-tutorials-ws/install/dm_arm_controller/share/dm_arm_controller/hook/cmake_prefix_path.ps1'
[8.454s] INFO:colcon.colcon_core.shell:Creating environment descriptor '/home/kaede-rei/ros2-workspace/moveit-tutorials-ws/install/dm_arm_controller/share/dm_arm_controller/hook/cmake_prefix_path.dsv'
[8.455s] INFO:colcon.colcon_core.shell:Creating environment hook '/home/kaede-rei/ros2-workspace/moveit-tutorials-ws/install/dm_arm_controller/share/dm_arm_controller/hook/cmake_prefix_path.sh'
[8.455s] Level 1:colcon.colcon_core.environment:checking '/home/kaede-rei/ros2-workspace/moveit-tutorials-ws/install/dm_arm_controller/lib'
[8.455s] Level 1:colcon.colcon_core.environment:checking '/home/kaede-rei/ros2-workspace/moveit-tutorials-ws/install/dm_arm_controller/bin'
[8.455s] Level 1:colcon.colcon_core.environment:checking '/home/kaede-rei/ros2-workspace/moveit-tutorials-ws/install/dm_arm_controller/lib/pkgconfig/dm_arm_controller.pc'
[8.455s] Level 1:colcon.colcon_core.environment:checking '/home/kaede-rei/ros2-workspace/moveit-tutorials-ws/install/dm_arm_controller/lib/python3.10/site-packages'
[8.456s] Level 1:colcon.colcon_core.environment:checking '/home/kaede-rei/ros2-workspace/moveit-tutorials-ws/install/dm_arm_controller/bin'
[8.456s] INFO:colcon.colcon_core.shell:Creating package script '/home/kaede-rei/ros2-workspace/moveit-tutorials-ws/install/dm_arm_controller/share/dm_arm_controller/package.ps1'
[8.457s] INFO:colcon.colcon_core.shell:Creating package descriptor '/home/kaede-rei/ros2-workspace/moveit-tutorials-ws/install/dm_arm_controller/share/dm_arm_controller/package.dsv'
[8.457s] INFO:colcon.colcon_core.shell:Creating package script '/home/kaede-rei/ros2-workspace/moveit-tutorials-ws/install/dm_arm_controller/share/dm_arm_controller/package.sh'
[8.457s] INFO:colcon.colcon_core.shell:Creating package script '/home/kaede-rei/ros2-workspace/moveit-tutorials-ws/install/dm_arm_controller/share/dm_arm_controller/package.bash'
[8.457s] INFO:colcon.colcon_core.shell:Creating package script '/home/kaede-rei/ros2-workspace/moveit-tutorials-ws/install/dm_arm_controller/share/dm_arm_controller/package.zsh'
[8.458s] Level 1:colcon.colcon_core.environment:create_file_with_runtime_dependencies(/home/kaede-rei/ros2-workspace/moveit-tutorials-ws/install/dm_arm_controller/share/colcon-core/packages/dm_arm_controller)
[8.458s] DEBUG:colcon.colcon_parallel_executor.executor.parallel:closing loop
[8.459s] DEBUG:colcon.colcon_parallel_executor.executor.parallel:loop closed
[8.459s] DEBUG:colcon.colcon_parallel_executor.executor.parallel:run_until_complete finished with '0'
[8.459s] DEBUG:colcon.colcon_core.event_reactor:joining thread
[8.466s] INFO:colcon.colcon_core.plugin_system:Skipping extension 'colcon_notification.desktop_notification.terminal_notifier': Not used on non-Darwin systems
[8.466s] INFO:colcon.colcon_core.plugin_system:Skipping extension 'colcon_notification.desktop_notification.win32': Not used on non-Windows systems
[8.466s] INFO:colcon.colcon_notification.desktop_notification:Sending desktop notification using 'notify2'
[8.473s] DEBUG:colcon.colcon_core.event_reactor:joined thread
[8.474s] INFO:colcon.colcon_core.shell:Creating prefix script '/home/kaede-rei/ros2-workspace/moveit-tutorials-ws/install/local_setup.ps1'
[8.475s] INFO:colcon.colcon_core.shell:Creating prefix util module '/home/kaede-rei/ros2-workspace/moveit-tutorials-ws/install/_local_setup_util_ps1.py'
[8.476s] INFO:colcon.colcon_core.shell:Creating prefix chain script '/home/kaede-rei/ros2-workspace/moveit-tutorials-ws/install/setup.ps1'
[8.478s] INFO:colcon.colcon_core.shell:Creating prefix script '/home/kaede-rei/ros2-workspace/moveit-tutorials-ws/install/local_setup.sh'
[8.478s] INFO:colcon.colcon_core.shell:Creating prefix util module '/home/kaede-rei/ros2-workspace/moveit-tutorials-ws/install/_local_setup_util_sh.py'
[8.479s] INFO:colcon.colcon_core.shell:Creating prefix chain script '/home/kaede-rei/ros2-workspace/moveit-tutorials-ws/install/setup.sh'
[8.481s] INFO:colcon.colcon_core.shell:Creating prefix script '/home/kaede-rei/ros2-workspace/moveit-tutorials-ws/install/local_setup.bash'
[8.481s] INFO:colcon.colcon_core.shell:Creating prefix chain script '/home/kaede-rei/ros2-workspace/moveit-tutorials-ws/install/setup.bash'
[8.482s] INFO:colcon.colcon_core.shell:Creating prefix script '/home/kaede-rei/ros2-workspace/moveit-tutorials-ws/install/local_setup.zsh'
[8.482s] INFO:colcon.colcon_core.shell:Creating prefix chain script '/home/kaede-rei/ros2-workspace/moveit-tutorials-ws/install/setup.zsh'
