[0.009s] Invoking command in '/home/kaede-rei/ros2-workspace/moveit-tutorials-ws/build/dm_arm_moveit_config': CMAKE_PREFIX_PATH=/home/kaede-rei/ros2-workspace/moveit-tutorials-ws/install/dm_arm_description:/home/kaede-rei/ros2-workspace/moveit-tutorials-ws/install/dm_arm_moveit_config:/home/kaede-rei/ros2-workspace/moveit-tutorials-ws/install/dm_arm_controller:/opt/ros/humble /usr/bin/cmake /home/kaede-rei/ros2-workspace/moveit-tutorials-ws/src/dm_arm_moveit_config -DCMAKE_INSTALL_PREFIX=/home/kaede-rei/ros2-workspace/moveit-tutorials-ws/install/dm_arm_moveit_config
[0.053s] -- The C compiler identification is GNU 11.4.0
[0.102s] -- The CXX compiler identification is GNU 11.4.0
[0.109s] -- Detecting C compiler ABI info
[0.171s] -- Detecting C compiler ABI info - done
[0.176s] -- Check for working C compiler: /usr/bin/cc - skipped
[0.176s] -- Detecting C compile features
[0.176s] -- Detecting C compile features - done
[0.178s] -- Detecting CXX compiler ABI info
[0.250s] -- Detecting CXX compiler ABI info - done
[0.256s] -- Check for working CXX compiler: /usr/bin/c++ - skipped
[0.256s] -- Detecting CXX compile features
[0.256s] -- Detecting CXX compile features - done
[0.258s] -- Found ament_cmake: 1.3.12 (/opt/ros/humble/share/ament_cmake/cmake)
[0.371s] -- Found Python3: /usr/bin/python3 (found version "3.10.12") found components: Interpreter 
[0.493s] -- Configuring done
[0.495s] -- Generating done
[0.496s] -- Build files have been written to: /home/kaede-rei/ros2-workspace/moveit-tutorials-ws/build/dm_arm_moveit_config
[0.500s] Invoked command in '/home/kaede-rei/ros2-workspace/moveit-tutorials-ws/build/dm_arm_moveit_config' returned '0': CMAKE_PREFIX_PATH=/home/kaede-rei/ros2-workspace/moveit-tutorials-ws/install/dm_arm_description:/home/kaede-rei/ros2-workspace/moveit-tutorials-ws/install/dm_arm_moveit_config:/home/kaede-rei/ros2-workspace/moveit-tutorials-ws/install/dm_arm_controller:/opt/ros/humble /usr/bin/cmake /home/kaede-rei/ros2-workspace/moveit-tutorials-ws/src/dm_arm_moveit_config -DCMAKE_INSTALL_PREFIX=/home/kaede-rei/ros2-workspace/moveit-tutorials-ws/install/dm_arm_moveit_config
[0.501s] Invoking command in '/home/kaede-rei/ros2-workspace/moveit-tutorials-ws/build/dm_arm_moveit_config': CMAKE_PREFIX_PATH=/home/kaede-rei/ros2-workspace/moveit-tutorials-ws/install/dm_arm_description:/home/kaede-rei/ros2-workspace/moveit-tutorials-ws/install/dm_arm_moveit_config:/home/kaede-rei/ros2-workspace/moveit-tutorials-ws/install/dm_arm_controller:/opt/ros/humble /usr/bin/cmake --build /home/kaede-rei/ros2-workspace/moveit-tutorials-ws/build/dm_arm_moveit_config -- -j16 -l16
[0.539s] Invoked command in '/home/kaede-rei/ros2-workspace/moveit-tutorials-ws/build/dm_arm_moveit_config' returned '0': CMAKE_PREFIX_PATH=/home/kaede-rei/ros2-workspace/moveit-tutorials-ws/install/dm_arm_description:/home/kaede-rei/ros2-workspace/moveit-tutorials-ws/install/dm_arm_moveit_config:/home/kaede-rei/ros2-workspace/moveit-tutorials-ws/install/dm_arm_controller:/opt/ros/humble /usr/bin/cmake --build /home/kaede-rei/ros2-workspace/moveit-tutorials-ws/build/dm_arm_moveit_config -- -j16 -l16
[0.540s] Invoking command in '/home/kaede-rei/ros2-workspace/moveit-tutorials-ws/build/dm_arm_moveit_config': CMAKE_PREFIX_PATH=/home/kaede-rei/ros2-workspace/moveit-tutorials-ws/install/dm_arm_description:/home/kaede-rei/ros2-workspace/moveit-tutorials-ws/install/dm_arm_moveit_config:/home/kaede-rei/ros2-workspace/moveit-tutorials-ws/install/dm_arm_controller:/opt/ros/humble /usr/bin/cmake --install /home/kaede-rei/ros2-workspace/moveit-tutorials-ws/build/dm_arm_moveit_config
[0.547s] -- Install configuration: ""
[0.547s] -- Installing: /home/kaede-rei/ros2-workspace/moveit-tutorials-ws/install/dm_arm_moveit_config/share/ament_index/resource_index/package_run_dependencies/dm_arm_moveit_config
[0.547s] -- Installing: /home/kaede-rei/ros2-workspace/moveit-tutorials-ws/install/dm_arm_moveit_config/share/ament_index/resource_index/parent_prefix_path/dm_arm_moveit_config
[0.547s] -- Installing: /home/kaede-rei/ros2-workspace/moveit-tutorials-ws/install/dm_arm_moveit_config/share/dm_arm_moveit_config/environment/ament_prefix_path.sh
[0.547s] -- Installing: /home/kaede-rei/ros2-workspace/moveit-tutorials-ws/install/dm_arm_moveit_config/share/dm_arm_moveit_config/environment/ament_prefix_path.dsv
[0.548s] -- Installing: /home/kaede-rei/ros2-workspace/moveit-tutorials-ws/install/dm_arm_moveit_config/share/dm_arm_moveit_config/environment/path.sh
[0.548s] -- Installing: /home/kaede-rei/ros2-workspace/moveit-tutorials-ws/install/dm_arm_moveit_config/share/dm_arm_moveit_config/environment/path.dsv
[0.548s] -- Installing: /home/kaede-rei/ros2-workspace/moveit-tutorials-ws/install/dm_arm_moveit_config/share/dm_arm_moveit_config/local_setup.bash
[0.548s] -- Installing: /home/kaede-rei/ros2-workspace/moveit-tutorials-ws/install/dm_arm_moveit_config/share/dm_arm_moveit_config/local_setup.sh
[0.548s] -- Installing: /home/kaede-rei/ros2-workspace/moveit-tutorials-ws/install/dm_arm_moveit_config/share/dm_arm_moveit_config/local_setup.zsh
[0.548s] -- Installing: /home/kaede-rei/ros2-workspace/moveit-tutorials-ws/install/dm_arm_moveit_config/share/dm_arm_moveit_config/local_setup.dsv
[0.548s] -- Installing: /home/kaede-rei/ros2-workspace/moveit-tutorials-ws/install/dm_arm_moveit_config/share/dm_arm_moveit_config/package.dsv
[0.548s] -- Installing: /home/kaede-rei/ros2-workspace/moveit-tutorials-ws/install/dm_arm_moveit_config/share/ament_index/resource_index/packages/dm_arm_moveit_config
[0.548s] -- Installing: /home/kaede-rei/ros2-workspace/moveit-tutorials-ws/install/dm_arm_moveit_config/share/dm_arm_moveit_config/cmake/dm_arm_moveit_configConfig.cmake
[0.548s] -- Installing: /home/kaede-rei/ros2-workspace/moveit-tutorials-ws/install/dm_arm_moveit_config/share/dm_arm_moveit_config/cmake/dm_arm_moveit_configConfig-version.cmake
[0.548s] -- Installing: /home/kaede-rei/ros2-workspace/moveit-tutorials-ws/install/dm_arm_moveit_config/share/dm_arm_moveit_config/package.xml
[0.549s] -- Installing: /home/kaede-rei/ros2-workspace/moveit-tutorials-ws/install/dm_arm_moveit_config/share/dm_arm_moveit_config/launch
[0.549s] -- Installing: /home/kaede-rei/ros2-workspace/moveit-tutorials-ws/install/dm_arm_moveit_config/share/dm_arm_moveit_config/launch/move_group.launch.py
[0.549s] -- Installing: /home/kaede-rei/ros2-workspace/moveit-tutorials-ws/install/dm_arm_moveit_config/share/dm_arm_moveit_config/launch/spawn_controllers.launch.py
[0.549s] -- Installing: /home/kaede-rei/ros2-workspace/moveit-tutorials-ws/install/dm_arm_moveit_config/share/dm_arm_moveit_config/launch/setup_assistant.launch.py
[0.549s] -- Installing: /home/kaede-rei/ros2-workspace/moveit-tutorials-ws/install/dm_arm_moveit_config/share/dm_arm_moveit_config/launch/static_virtual_joint_tfs.launch.py
[0.549s] -- Installing: /home/kaede-rei/ros2-workspace/moveit-tutorials-ws/install/dm_arm_moveit_config/share/dm_arm_moveit_config/launch/warehouse_db.launch.py
[0.549s] -- Installing: /home/kaede-rei/ros2-workspace/moveit-tutorials-ws/install/dm_arm_moveit_config/share/dm_arm_moveit_config/launch/demo.launch.py
[0.549s] -- Installing: /home/kaede-rei/ros2-workspace/moveit-tutorials-ws/install/dm_arm_moveit_config/share/dm_arm_moveit_config/launch/moveit_rviz.launch.py
[0.549s] -- Installing: /home/kaede-rei/ros2-workspace/moveit-tutorials-ws/install/dm_arm_moveit_config/share/dm_arm_moveit_config/launch/rsp.launch.py
[0.549s] -- Installing: /home/kaede-rei/ros2-workspace/moveit-tutorials-ws/install/dm_arm_moveit_config/share/dm_arm_moveit_config/config
[0.549s] -- Installing: /home/kaede-rei/ros2-workspace/moveit-tutorials-ws/install/dm_arm_moveit_config/share/dm_arm_moveit_config/config/kinematics.yaml
[0.549s] -- Installing: /home/kaede-rei/ros2-workspace/moveit-tutorials-ws/install/dm_arm_moveit_config/share/dm_arm_moveit_config/config/joint_limits.yaml
[0.550s] -- Installing: /home/kaede-rei/ros2-workspace/moveit-tutorials-ws/install/dm_arm_moveit_config/share/dm_arm_moveit_config/config/moveit_controllers.yaml
[0.550s] -- Installing: /home/kaede-rei/ros2-workspace/moveit-tutorials-ws/install/dm_arm_moveit_config/share/dm_arm_moveit_config/config/ros2_controllers.yaml
[0.550s] -- Installing: /home/kaede-rei/ros2-workspace/moveit-tutorials-ws/install/dm_arm_moveit_config/share/dm_arm_moveit_config/config/dm_arm_description.urdf.xacro
[0.550s] -- Installing: /home/kaede-rei/ros2-workspace/moveit-tutorials-ws/install/dm_arm_moveit_config/share/dm_arm_moveit_config/config/dm_arm_description.ros2_control.xacro
[0.550s] -- Installing: /home/kaede-rei/ros2-workspace/moveit-tutorials-ws/install/dm_arm_moveit_config/share/dm_arm_moveit_config/config/pilz_cartesian_limits.yaml
[0.550s] -- Installing: /home/kaede-rei/ros2-workspace/moveit-tutorials-ws/install/dm_arm_moveit_config/share/dm_arm_moveit_config/config/moveit.rviz
[0.550s] -- Installing: /home/kaede-rei/ros2-workspace/moveit-tutorials-ws/install/dm_arm_moveit_config/share/dm_arm_moveit_config/config/initial_positions.yaml
[0.550s] -- Installing: /home/kaede-rei/ros2-workspace/moveit-tutorials-ws/install/dm_arm_moveit_config/share/dm_arm_moveit_config/config/dm_arm_description.srdf
[0.550s] -- Installing: /home/kaede-rei/ros2-workspace/moveit-tutorials-ws/install/dm_arm_moveit_config/share/dm_arm_moveit_config/.setup_assistant
[0.552s] Invoked command in '/home/kaede-rei/ros2-workspace/moveit-tutorials-ws/build/dm_arm_moveit_config' returned '0': CMAKE_PREFIX_PATH=/home/kaede-rei/ros2-workspace/moveit-tutorials-ws/install/dm_arm_description:/home/kaede-rei/ros2-workspace/moveit-tutorials-ws/install/dm_arm_moveit_config:/home/kaede-rei/ros2-workspace/moveit-tutorials-ws/install/dm_arm_controller:/opt/ros/humble /usr/bin/cmake --install /home/kaede-rei/ros2-workspace/moveit-tutorials-ws/build/dm_arm_moveit_config
