[0.014s] Invoking command in '/home/kaede-rei/ros2-workspace/moveit-tutorials-ws/build/dm_arm_controller': CMAKE_PREFIX_PATH=${CMAKE_PREFIX_PATH}:/opt/ros/humble /usr/bin/cmake --build /home/kaede-rei/ros2-workspace/moveit-tutorials-ws/build/dm_arm_controller -- -j16 -l16
[0.069s] -- Found ament_cmake: 1.3.12 (/opt/ros/humble/share/ament_cmake/cmake)
[0.199s] -- Found rclcpp: 16.0.17 (/opt/ros/humble/share/rclcpp/cmake)
[0.231s] -- Found rosidl_generator_c: 3.1.8 (/opt/ros/humble/share/rosidl_generator_c/cmake)
[0.233s] -- Found rosidl_adapter: 3.1.8 (/opt/ros/humble/share/rosidl_adapter/cmake)
[0.241s] -- Found rosidl_generator_cpp: 3.1.8 (/opt/ros/humble/share/rosidl_generator_cpp/cmake)
[0.251s] -- Using all available rosidl_typesupport_c: rosidl_typesupport_fastrtps_c;rosidl_typesupport_introspection_c
[0.262s] -- Using all available rosidl_typesupport_cpp: rosidl_typesupport_fastrtps_cpp;rosidl_typesupport_introspection_cpp
[0.293s] -- Found rmw_implementation_cmake: 6.1.2 (/opt/ros/humble/share/rmw_implementation_cmake/cmake)
[0.294s] -- Found rmw_cyclonedds_cpp: 1.3.4 (/opt/ros/humble/share/rmw_cyclonedds_cpp/cmake)
[0.314s] -- Using RMW implementation 'rmw_cyclonedds_cpp' as default
[0.363s] -- Found moveit_ros_planning_interface: 2.5.9 (/opt/ros/humble/share/moveit_ros_planning_interface/cmake)
[0.376s] -- Found Boost: /usr/lib/x86_64-linux-gnu/cmake/Boost-1.74.0/BoostConfig.cmake (found version "1.74.0") found components: date_time filesystem program_options system thread 
[0.534s] -- Found Boost: /usr/lib/x86_64-linux-gnu/cmake/Boost-1.74.0/BoostConfig.cmake (found version "1.74.0") found components: chrono date_time filesystem iostreams program_options regex serialization system thread 
[0.565s] -- Found parameter_traits: 0.6.0 (/opt/ros/humble/share/parameter_traits/cmake)
[0.575s] -- Found rclcpp_lifecycle: 16.0.17 (/opt/ros/humble/share/rclcpp_lifecycle/cmake)
[0.597s] -- Found Boost: /usr/lib/x86_64-linux-gnu/cmake/Boost-1.74.0/BoostConfig.cmake (found version "1.74.0") found components: filesystem 
[0.636s] -- library: /usr/lib/x86_64-linux-gnu/libcurl.so
[0.664s] -- Ensuring Eigen3 include directory is part of orocos-kdl CMake target
[0.779s] -- Found Boost: /usr/lib/x86_64-linux-gnu/cmake/Boost-1.74.0/BoostConfig.cmake (found version "1.74.0") found components: system filesystem date_time program_options thread chrono 
[0.804s] -- Found Boost: /usr/lib/x86_64-linux-gnu/cmake/Boost-1.74.0/BoostConfig.cmake (found version "1.74.0") found components: thread system filesystem regex date_time program_options 
[0.833s] -- Found Boost: /usr/lib/x86_64-linux-gnu/cmake/Boost-1.74.0/BoostConfig.cmake (found version "1.74.0") found components: system filesystem date_time program_options thread 
[0.859s] -- Found rosidl_default_generators: 1.2.0 (/opt/ros/humble/share/rosidl_default_generators/cmake)
[0.867s] -- Found ament_lint_auto: 0.12.14 (/opt/ros/humble/share/ament_lint_auto/cmake)
[0.941s] -- Added test 'copyright' to check source files copyright and LICENSE
[0.942s] -- Added test 'cppcheck' to perform static code analysis on C / C++ code
[0.942s] -- Configured cppcheck include dirs: $<BUILD_INTERFACE:/home/kaede-rei/ros2-workspace/moveit-tutorials-ws/src/dm_arm_controller/include>
[0.942s] -- Configured cppcheck exclude dirs and/or files: 
[0.943s] -- Added test 'cpplint' to check C / C++ code against the Google style
[0.943s] -- Configured cpplint exclude dirs and/or files: 
[0.944s] -- Added test 'flake8' to check Python code syntax and style conventions
[0.944s] -- Added test 'lint_cmake' to check CMake code style
[0.945s] -- Added test 'pep257' to check Python code against some of the docstring style conventions in PEP 257
[0.946s] -- Added test 'uncrustify' to check C / C++ code style
[0.946s] -- Configured uncrustify additional arguments: 
[0.946s] -- Added test 'xmllint' to check XML markup files
[0.948s] -- Configuring done
[0.990s] -- Generating done
[0.997s] -- Build files have been written to: /home/kaede-rei/ros2-workspace/moveit-tutorials-ws/build/dm_arm_controller
[1.032s] [35m[1mConsolidate compiler generated dependencies of target end_effector_cmd[0m
[1.064s] [ 50%] [32mBuilding CXX object CMakeFiles/end_effector_cmd.dir/src/end_effector_cmd.cpp.o[0m
[8.672s] [100%] [32m[1mLinking CXX executable end_effector_cmd[0m
[9.121s] [100%] Built target end_effector_cmd
[9.134s] Invoked command in '/home/kaede-rei/ros2-workspace/moveit-tutorials-ws/build/dm_arm_controller' returned '0': CMAKE_PREFIX_PATH=${CMAKE_PREFIX_PATH}:/opt/ros/humble /usr/bin/cmake --build /home/kaede-rei/ros2-workspace/moveit-tutorials-ws/build/dm_arm_controller -- -j16 -l16
[9.136s] Invoking command in '/home/kaede-rei/ros2-workspace/moveit-tutorials-ws/build/dm_arm_controller': CMAKE_PREFIX_PATH=${CMAKE_PREFIX_PATH}:/opt/ros/humble /usr/bin/cmake --install /home/kaede-rei/ros2-workspace/moveit-tutorials-ws/build/dm_arm_controller
[9.145s] -- Install configuration: ""
[9.146s] -- Installing: /home/kaede-rei/ros2-workspace/moveit-tutorials-ws/install/dm_arm_controller/lib/dm_arm_controller/end_effector_cmd
[9.147s] -- Set runtime path of "/home/kaede-rei/ros2-workspace/moveit-tutorials-ws/install/dm_arm_controller/lib/dm_arm_controller/end_effector_cmd" to ""
[9.147s] -- Up-to-date: /home/kaede-rei/ros2-workspace/moveit-tutorials-ws/install/dm_arm_controller/include
[9.147s] -- Up-to-date: /home/kaede-rei/ros2-workspace/moveit-tutorials-ws/install/dm_arm_controller/include/dm_arm_controller
[9.147s] -- Installing: /home/kaede-rei/ros2-workspace/moveit-tutorials-ws/install/dm_arm_controller/include/dm_arm_controller/end_effector_cmd.hpp
[9.147s] -- Up-to-date: /home/kaede-rei/ros2-workspace/moveit-tutorials-ws/install/dm_arm_controller/share/dm_arm_controller/launch
[9.147s] -- Up-to-date: /home/kaede-rei/ros2-workspace/moveit-tutorials-ws/install/dm_arm_controller/share/dm_arm_controller/launch/run.launch.py
[9.147s] -- Up-to-date: /home/kaede-rei/ros2-workspace/moveit-tutorials-ws/install/dm_arm_controller/share/ament_index/resource_index/package_run_dependencies/dm_arm_controller
[9.147s] -- Up-to-date: /home/kaede-rei/ros2-workspace/moveit-tutorials-ws/install/dm_arm_controller/share/ament_index/resource_index/parent_prefix_path/dm_arm_controller
[9.147s] -- Up-to-date: /home/kaede-rei/ros2-workspace/moveit-tutorials-ws/install/dm_arm_controller/share/dm_arm_controller/environment/ament_prefix_path.sh
[9.147s] -- Installing: /home/kaede-rei/ros2-workspace/moveit-tutorials-ws/install/dm_arm_controller/share/dm_arm_controller/environment/ament_prefix_path.dsv
[9.148s] -- Up-to-date: /home/kaede-rei/ros2-workspace/moveit-tutorials-ws/install/dm_arm_controller/share/dm_arm_controller/environment/path.sh
[9.148s] -- Installing: /home/kaede-rei/ros2-workspace/moveit-tutorials-ws/install/dm_arm_controller/share/dm_arm_controller/environment/path.dsv
[9.148s] -- Up-to-date: /home/kaede-rei/ros2-workspace/moveit-tutorials-ws/install/dm_arm_controller/share/dm_arm_controller/local_setup.bash
[9.148s] -- Up-to-date: /home/kaede-rei/ros2-workspace/moveit-tutorials-ws/install/dm_arm_controller/share/dm_arm_controller/local_setup.sh
[9.148s] -- Up-to-date: /home/kaede-rei/ros2-workspace/moveit-tutorials-ws/install/dm_arm_controller/share/dm_arm_controller/local_setup.zsh
[9.148s] -- Installing: /home/kaede-rei/ros2-workspace/moveit-tutorials-ws/install/dm_arm_controller/share/dm_arm_controller/local_setup.dsv
[9.148s] -- Installing: /home/kaede-rei/ros2-workspace/moveit-tutorials-ws/install/dm_arm_controller/share/dm_arm_controller/package.dsv
[9.148s] -- Up-to-date: /home/kaede-rei/ros2-workspace/moveit-tutorials-ws/install/dm_arm_controller/share/ament_index/resource_index/packages/dm_arm_controller
[9.148s] -- Up-to-date: /home/kaede-rei/ros2-workspace/moveit-tutorials-ws/install/dm_arm_controller/share/dm_arm_controller/cmake/ament_cmake_export_dependencies-extras.cmake
[9.148s] -- Up-to-date: /home/kaede-rei/ros2-workspace/moveit-tutorials-ws/install/dm_arm_controller/share/dm_arm_controller/cmake/ament_cmake_export_include_directories-extras.cmake
[9.149s] -- Up-to-date: /home/kaede-rei/ros2-workspace/moveit-tutorials-ws/install/dm_arm_controller/share/dm_arm_controller/cmake/dm_arm_controllerConfig.cmake
[9.149s] -- Up-to-date: /home/kaede-rei/ros2-workspace/moveit-tutorials-ws/install/dm_arm_controller/share/dm_arm_controller/cmake/dm_arm_controllerConfig-version.cmake
[9.149s] -- Up-to-date: /home/kaede-rei/ros2-workspace/moveit-tutorials-ws/install/dm_arm_controller/share/dm_arm_controller/package.xml
[9.151s] Invoked command in '/home/kaede-rei/ros2-workspace/moveit-tutorials-ws/build/dm_arm_controller' returned '0': CMAKE_PREFIX_PATH=${CMAKE_PREFIX_PATH}:/opt/ros/humble /usr/bin/cmake --install /home/kaede-rei/ros2-workspace/moveit-tutorials-ws/build/dm_arm_controller
