In file included from [01m[K/home/kaede-rei/ros2-workspace/moveit-tutorials-ws/src/dm_arm_controller/src/end_effector_cmd.cpp:1[m[K:
[01m[K/home/kaede-rei/ros2-workspace/moveit-tutorials-ws/src/dm_arm_controller/include/dm_arm_controller/end_effector_cmd.hpp:17:5:[m[K [01;31m[Kerror: [m[K‘[01m[Kmoveit[m[K’ does not name a type; did you mean ‘[01m[Kmode_t[m[K’?
   17 |     [01;31m[Kmoveit[m[K::planning_interface::MoveGroupInterface _arm_;
      |     [01;31m[K^~~~~~[m[K
      |     [32m[Kmode_t[m[K
[01m[K/home/kaede-rei/ros2-workspace/moveit-tutorials-ws/src/dm_arm_controller/src/end_effector_cmd.cpp:[m[K In constructor ‘[01m[Kdm_arm::EndEffectorCmd::EndEffectorCmd(rclcpp::Node::SharedPtr&, const string&)[m[K’:
[01m[K/home/kaede-rei/ros2-workspace/moveit-tutorials-ws/src/dm_arm_controller/src/end_effector_cmd.cpp:23:7:[m[K [01;31m[Kerror: [m[Kclass ‘[01m[Kdm_arm::EndEffectorCmd[m[K’ does not have any field named ‘[01m[K_arm_[m[K’
   23 |     : [01;31m[K_arm_[m[K(node, group_name) {
      |       [01;31m[K^~~~~[m[K
In file included from [01m[K/opt/ros/humble/include/rclcpp/rclcpp/logging.hpp:24[m[K,
                 from [01m[K/opt/ros/humble/include/rclcpp/rclcpp/client.hpp:40[m[K,
                 from [01m[K/opt/ros/humble/include/rclcpp/rclcpp/callback_group.hpp:24[m[K,
                 from [01m[K/opt/ros/humble/include/rclcpp/rclcpp/any_executable.hpp:20[m[K,
                 from [01m[K/opt/ros/humble/include/rclcpp/rclcpp/memory_strategy.hpp:25[m[K,
                 from [01m[K/opt/ros/humble/include/rclcpp/rclcpp/memory_strategies.hpp:18[m[K,
                 from [01m[K/opt/ros/humble/include/rclcpp/rclcpp/executor_options.hpp:20[m[K,
                 from [01m[K/opt/ros/humble/include/rclcpp/rclcpp/executor.hpp:37[m[K,
                 from [01m[K/opt/ros/humble/include/rclcpp/rclcpp/executors/multi_threaded_executor.hpp:25[m[K,
                 from [01m[K/opt/ros/humble/include/rclcpp/rclcpp/executors.hpp:21[m[K,
                 from [01m[K/opt/ros/humble/include/rclcpp/rclcpp/rclcpp.hpp:155[m[K,
                 from [01m[K/home/kaede-rei/ros2-workspace/moveit-tutorials-ws/src/dm_arm_controller/include/dm_arm_controller/end_effector_cmd.hpp:4[m[K,
                 from [01m[K/home/kaede-rei/ros2-workspace/moveit-tutorials-ws/src/dm_arm_controller/src/end_effector_cmd.cpp:1[m[K:
[01m[K/home/kaede-rei/ros2-workspace/moveit-tutorials-ws/src/dm_arm_controller/src/end_effector_cmd.cpp:26:67:[m[K [01;31m[Kerror: [m[K‘[01m[K_arm_[m[K’ was not declared in this scope
   26 |     RCLCPP_INFO(node->get_logger(), "Planning Frame - %s 已创建", [01;31m[K_arm_[m[K.getPlanningFrame().c_str());
      |                                                                   [01;31m[K^~~~~[m[K
gmake[2]: *** [CMakeFiles/end_effector_cmd.dir/build.make:76：CMakeFiles/end_effector_cmd.dir/src/end_effector_cmd.cpp.o] 错误 1
gmake[1]: *** [CMakeFiles/Makefile2:137：CMakeFiles/end_effector_cmd.dir/all] 错误 2
gmake: *** [Makefile:146：all] 错误 2
