[0.011s] Invoking command in '/home/kaede-rei/ros2-workspace/moveit-tutorials-ws/build/dm_arm_controller': CMAKE_PREFIX_PATH=${CMAKE_PREFIX_PATH}:/opt/ros/humble /usr/bin/cmake /home/kaede-rei/ros2-workspace/moveit-tutorials-ws/src/dm_arm_controller -DCMAKE_INSTALL_PREFIX=/home/kaede-rei/ros2-workspace/moveit-tutorials-ws/install/dm_arm_controller
[0.055s] -- The C compiler identification is GNU 11.4.0
[0.101s] -- The CXX compiler identification is GNU 11.4.0
[0.107s] -- Detecting C compiler ABI info
[0.167s] -- Detecting C compiler ABI info - done
[0.172s] -- Check for working C compiler: /usr/bin/cc - skipped
[0.172s] -- Detecting C compile features
[0.172s] -- Detecting C compile features - done
[0.175s] -- Detecting CXX compiler ABI info
[0.243s] -- Detecting CXX compiler ABI info - done
[0.248s] -- Check for working CXX compiler: /usr/bin/c++ - skipped
[0.248s] -- Detecting CXX compile features
[0.248s] -- Detecting CXX compile features - done
[0.250s] -- Found ament_cmake: 1.3.12 (/opt/ros/humble/share/ament_cmake/cmake)
[0.367s] -- Found Python3: /usr/bin/python3 (found version "3.10.12") found components: Interpreter 
[0.435s] -- Found rclcpp: 16.0.17 (/opt/ros/humble/share/rclcpp/cmake)
[0.467s] -- Found rosidl_generator_c: 3.1.8 (/opt/ros/humble/share/rosidl_generator_c/cmake)
[0.471s] -- Found rosidl_adapter: 3.1.8 (/opt/ros/humble/share/rosidl_adapter/cmake)
[0.477s] -- Found rosidl_generator_cpp: 3.1.8 (/opt/ros/humble/share/rosidl_generator_cpp/cmake)
[0.485s] -- Using all available rosidl_typesupport_c: rosidl_typesupport_fastrtps_c;rosidl_typesupport_introspection_c
[0.496s] -- Using all available rosidl_typesupport_cpp: rosidl_typesupport_fastrtps_cpp;rosidl_typesupport_introspection_cpp
[0.527s] -- Found rmw_implementation_cmake: 6.1.2 (/opt/ros/humble/share/rmw_implementation_cmake/cmake)
[0.528s] -- Found rmw_cyclonedds_cpp: 1.3.4 (/opt/ros/humble/share/rmw_cyclonedds_cpp/cmake)
[0.543s] -- Using RMW implementation 'rmw_cyclonedds_cpp' as default
[0.549s] -- Looking for pthread.h
[0.616s] -- Looking for pthread.h - found
[0.616s] -- Performing Test CMAKE_HAVE_LIBC_PTHREAD
[0.681s] -- Performing Test CMAKE_HAVE_LIBC_PTHREAD - Success
[0.682s] -- Found Threads: TRUE  
[0.720s] -- Found moveit_ros_planning_interface: 2.5.9 (/opt/ros/humble/share/moveit_ros_planning_interface/cmake)
[0.738s] -- Found Boost: /usr/lib/x86_64-linux-gnu/cmake/Boost-1.74.0/BoostConfig.cmake (found version "1.74.0") found components: date_time filesystem program_options system thread 
[0.859s] -- Found Boost: /usr/lib/x86_64-linux-gnu/cmake/Boost-1.74.0/BoostConfig.cmake (found version "1.74.0") found components: chrono date_time filesystem iostreams program_options regex serialization system thread 
[0.894s] -- Found parameter_traits: 0.6.0 (/opt/ros/humble/share/parameter_traits/cmake)
[0.902s] -- Found rclcpp_lifecycle: 16.0.17 (/opt/ros/humble/share/rclcpp_lifecycle/cmake)
[0.919s] -- Found Boost: /usr/lib/x86_64-linux-gnu/cmake/Boost-1.74.0/BoostConfig.cmake (found version "1.74.0") found components: filesystem 
[1.008s] -- library: /usr/lib/x86_64-linux-gnu/libcurl.so
[1.034s] -- Found Eigen3: TRUE (found version "3.4.0") 
[1.034s] -- Ensuring Eigen3 include directory is part of orocos-kdl CMake target
[1.134s] -- Found Boost: /usr/lib/x86_64-linux-gnu/cmake/Boost-1.74.0/BoostConfig.cmake (found version "1.74.0") found components: system filesystem date_time program_options thread chrono 
[1.155s] -- Found Boost: /usr/lib/x86_64-linux-gnu/cmake/Boost-1.74.0/BoostConfig.cmake (found version "1.74.0") found components: thread system filesystem regex date_time program_options 
[1.233s] -- Found Boost: /usr/lib/x86_64-linux-gnu/cmake/Boost-1.74.0/BoostConfig.cmake (found version "1.74.0") found components: system filesystem date_time program_options thread 
[1.253s] -- Found rosidl_default_generators: 1.2.0 (/opt/ros/humble/share/rosidl_default_generators/cmake)
[1.263s] -- Found ament_lint_auto: 0.12.14 (/opt/ros/humble/share/ament_lint_auto/cmake)
[1.330s] -- Added test 'copyright' to check source files copyright and LICENSE
[1.331s] -- Added test 'cppcheck' to perform static code analysis on C / C++ code
[1.331s] -- Configured cppcheck include dirs: $<BUILD_INTERFACE:/home/kaede-rei/ros2-workspace/moveit-tutorials-ws/src/dm_arm_controller/include>
[1.331s] -- Configured cppcheck exclude dirs and/or files: 
[1.332s] -- Added test 'cpplint' to check C / C++ code against the Google style
[1.332s] -- Configured cpplint exclude dirs and/or files: 
[1.332s] -- Added test 'flake8' to check Python code syntax and style conventions
[1.333s] -- Added test 'lint_cmake' to check CMake code style
[1.333s] -- Added test 'pep257' to check Python code against some of the docstring style conventions in PEP 257
[1.334s] -- Added test 'uncrustify' to check C / C++ code style
[1.334s] -- Configured uncrustify additional arguments: 
[1.334s] -- Added test 'xmllint' to check XML markup files
[1.335s] -- Configuring done
[1.357s] -- Generating done
[1.363s] -- Build files have been written to: /home/kaede-rei/ros2-workspace/moveit-tutorials-ws/build/dm_arm_controller
[1.378s] Invoked command in '/home/kaede-rei/ros2-workspace/moveit-tutorials-ws/build/dm_arm_controller' returned '0': CMAKE_PREFIX_PATH=${CMAKE_PREFIX_PATH}:/opt/ros/humble /usr/bin/cmake /home/kaede-rei/ros2-workspace/moveit-tutorials-ws/src/dm_arm_controller -DCMAKE_INSTALL_PREFIX=/home/kaede-rei/ros2-workspace/moveit-tutorials-ws/install/dm_arm_controller
[1.380s] Invoking command in '/home/kaede-rei/ros2-workspace/moveit-tutorials-ws/build/dm_arm_controller': CMAKE_PREFIX_PATH=${CMAKE_PREFIX_PATH}:/opt/ros/humble /usr/bin/cmake --build /home/kaede-rei/ros2-workspace/moveit-tutorials-ws/build/dm_arm_controller -- -j16 -l16
[1.431s] [ 50%] [32mBuilding CXX object CMakeFiles/end_effector_cmd.dir/src/end_effector_cmd.cpp.o[0m
[8.060s] [100%] [32m[1mLinking CXX executable end_effector_cmd[0m
[8.317s] [100%] Built target end_effector_cmd
[8.329s] Invoked command in '/home/kaede-rei/ros2-workspace/moveit-tutorials-ws/build/dm_arm_controller' returned '0': CMAKE_PREFIX_PATH=${CMAKE_PREFIX_PATH}:/opt/ros/humble /usr/bin/cmake --build /home/kaede-rei/ros2-workspace/moveit-tutorials-ws/build/dm_arm_controller -- -j16 -l16
[8.331s] Invoking command in '/home/kaede-rei/ros2-workspace/moveit-tutorials-ws/build/dm_arm_controller': CMAKE_PREFIX_PATH=${CMAKE_PREFIX_PATH}:/opt/ros/humble /usr/bin/cmake --install /home/kaede-rei/ros2-workspace/moveit-tutorials-ws/build/dm_arm_controller
[8.337s] -- Install configuration: ""
[8.337s] -- Installing: /home/kaede-rei/ros2-workspace/moveit-tutorials-ws/install/dm_arm_controller/lib/dm_arm_controller/end_effector_cmd
[8.338s] -- Set runtime path of "/home/kaede-rei/ros2-workspace/moveit-tutorials-ws/install/dm_arm_controller/lib/dm_arm_controller/end_effector_cmd" to ""
[8.338s] -- Installing: /home/kaede-rei/ros2-workspace/moveit-tutorials-ws/install/dm_arm_controller/include
[8.338s] -- Installing: /home/kaede-rei/ros2-workspace/moveit-tutorials-ws/install/dm_arm_controller/include/dm_arm_controller
[8.338s] -- Installing: /home/kaede-rei/ros2-workspace/moveit-tutorials-ws/install/dm_arm_controller/include/dm_arm_controller/end_effector_cmd.hpp
[8.338s] -- Installing: /home/kaede-rei/ros2-workspace/moveit-tutorials-ws/install/dm_arm_controller/share/dm_arm_controller/launch
[8.338s] -- Installing: /home/kaede-rei/ros2-workspace/moveit-tutorials-ws/install/dm_arm_controller/share/dm_arm_controller/launch/run.launch.py
[8.338s] -- Installing: /home/kaede-rei/ros2-workspace/moveit-tutorials-ws/install/dm_arm_controller/share/ament_index/resource_index/package_run_dependencies/dm_arm_controller
[8.338s] -- Installing: /home/kaede-rei/ros2-workspace/moveit-tutorials-ws/install/dm_arm_controller/share/ament_index/resource_index/parent_prefix_path/dm_arm_controller
[8.338s] -- Installing: /home/kaede-rei/ros2-workspace/moveit-tutorials-ws/install/dm_arm_controller/share/dm_arm_controller/environment/ament_prefix_path.sh
[8.338s] -- Installing: /home/kaede-rei/ros2-workspace/moveit-tutorials-ws/install/dm_arm_controller/share/dm_arm_controller/environment/ament_prefix_path.dsv
[8.339s] -- Installing: /home/kaede-rei/ros2-workspace/moveit-tutorials-ws/install/dm_arm_controller/share/dm_arm_controller/environment/path.sh
[8.339s] -- Installing: /home/kaede-rei/ros2-workspace/moveit-tutorials-ws/install/dm_arm_controller/share/dm_arm_controller/environment/path.dsv
[8.339s] -- Installing: /home/kaede-rei/ros2-workspace/moveit-tutorials-ws/install/dm_arm_controller/share/dm_arm_controller/local_setup.bash
[8.339s] -- Installing: /home/kaede-rei/ros2-workspace/moveit-tutorials-ws/install/dm_arm_controller/share/dm_arm_controller/local_setup.sh
[8.339s] -- Installing: /home/kaede-rei/ros2-workspace/moveit-tutorials-ws/install/dm_arm_controller/share/dm_arm_controller/local_setup.zsh
[8.339s] -- Installing: /home/kaede-rei/ros2-workspace/moveit-tutorials-ws/install/dm_arm_controller/share/dm_arm_controller/local_setup.dsv
[8.339s] -- Installing: /home/kaede-rei/ros2-workspace/moveit-tutorials-ws/install/dm_arm_controller/share/dm_arm_controller/package.dsv
[8.339s] -- Installing: /home/kaede-rei/ros2-workspace/moveit-tutorials-ws/install/dm_arm_controller/share/ament_index/resource_index/packages/dm_arm_controller
[8.339s] -- Installing: /home/kaede-rei/ros2-workspace/moveit-tutorials-ws/install/dm_arm_controller/share/dm_arm_controller/cmake/ament_cmake_export_dependencies-extras.cmake
[8.339s] -- Installing: /home/kaede-rei/ros2-workspace/moveit-tutorials-ws/install/dm_arm_controller/share/dm_arm_controller/cmake/ament_cmake_export_include_directories-extras.cmake
[8.339s] -- Installing: /home/kaede-rei/ros2-workspace/moveit-tutorials-ws/install/dm_arm_controller/share/dm_arm_controller/cmake/dm_arm_controllerConfig.cmake
[8.340s] -- Installing: /home/kaede-rei/ros2-workspace/moveit-tutorials-ws/install/dm_arm_controller/share/dm_arm_controller/cmake/dm_arm_controllerConfig-version.cmake
[8.340s] -- Installing: /home/kaede-rei/ros2-workspace/moveit-tutorials-ws/install/dm_arm_controller/share/dm_arm_controller/package.xml
[8.342s] Invoked command in '/home/kaede-rei/ros2-workspace/moveit-tutorials-ws/build/dm_arm_controller' returned '0': CMAKE_PREFIX_PATH=${CMAKE_PREFIX_PATH}:/opt/ros/humble /usr/bin/cmake --install /home/kaede-rei/ros2-workspace/moveit-tutorials-ws/build/dm_arm_controller
