-- Install configuration: ""
-- Up-to-date: /home/kaede-rei/ros2-workspace/moveit-tutorials-ws/install/dm_arm_description/share/dm_arm_description/urdf
-- Installing: /home/kaede-rei/ros2-workspace/moveit-tutorials-ws/install/dm_arm_description/share/dm_arm_description/urdf/dm_arm.ros2_control.xacro
-- Installing: /home/kaede-rei/ros2-workspace/moveit-tutorials-ws/install/dm_arm_description/share/dm_arm_description/urdf/dm_arm_description.urdf.xacro
-- Up-to-date: /home/kaede-rei/ros2-workspace/moveit-tutorials-ws/install/dm_arm_description/share/dm_arm_description/meshes
-- Up-to-date: /home/kaede-rei/ros2-workspace/moveit-tutorials-ws/install/dm_arm_description/share/dm_arm_description/meshes/collision
-- Up-to-date: /home/kaede-rei/ros2-workspace/moveit-tutorials-ws/install/dm_arm_description/share/dm_arm_description/meshes/collision/finger_left.stl
-- Up-to-date: /home/kaede-rei/ros2-workspace/moveit-tutorials-ws/install/dm_arm_description/share/dm_arm_description/meshes/collision/base_link.stl
-- Up-to-date: /home/kaede-rei/ros2-workspace/moveit-tutorials-ws/install/dm_arm_description/share/dm_arm_description/meshes/collision/finger_right.stl
-- Up-to-date: /home/kaede-rei/ros2-workspace/moveit-tutorials-ws/install/dm_arm_description/share/dm_arm_description/meshes/collision/link2.stl
-- Up-to-date: /home/kaede-rei/ros2-workspace/moveit-tutorials-ws/install/dm_arm_description/share/dm_arm_description/meshes/collision/link4-5.stl
-- Up-to-date: /home/kaede-rei/ros2-workspace/moveit-tutorials-ws/install/dm_arm_description/share/dm_arm_description/meshes/collision/link1.stl
-- Up-to-date: /home/kaede-rei/ros2-workspace/moveit-tutorials-ws/install/dm_arm_description/share/dm_arm_description/meshes/collision/link6-7.stl
-- Up-to-date: /home/kaede-rei/ros2-workspace/moveit-tutorials-ws/install/dm_arm_description/share/dm_arm_description/meshes/collision/link1-2.stl
-- Up-to-date: /home/kaede-rei/ros2-workspace/moveit-tutorials-ws/install/dm_arm_description/share/dm_arm_description/meshes/collision/link5-6.stl
-- Up-to-date: /home/kaede-rei/ros2-workspace/moveit-tutorials-ws/install/dm_arm_description/share/dm_arm_description/meshes/visual
-- Up-to-date: /home/kaede-rei/ros2-workspace/moveit-tutorials-ws/install/dm_arm_description/share/dm_arm_description/meshes/visual/finger_left.dae
-- Up-to-date: /home/kaede-rei/ros2-workspace/moveit-tutorials-ws/install/dm_arm_description/share/dm_arm_description/meshes/visual/link4-5.dae
-- Up-to-date: /home/kaede-rei/ros2-workspace/moveit-tutorials-ws/install/dm_arm_description/share/dm_arm_description/meshes/visual/link6-7.dae
-- Up-to-date: /home/kaede-rei/ros2-workspace/moveit-tutorials-ws/install/dm_arm_description/share/dm_arm_description/meshes/visual/link1-2.dae
-- Up-to-date: /home/kaede-rei/ros2-workspace/moveit-tutorials-ws/install/dm_arm_description/share/dm_arm_description/meshes/visual/link5-6.dae
-- Up-to-date: /home/kaede-rei/ros2-workspace/moveit-tutorials-ws/install/dm_arm_description/share/dm_arm_description/meshes/visual/link2.dae
-- Up-to-date: /home/kaede-rei/ros2-workspace/moveit-tutorials-ws/install/dm_arm_description/share/dm_arm_description/meshes/visual/finger_right.dae
-- Up-to-date: /home/kaede-rei/ros2-workspace/moveit-tutorials-ws/install/dm_arm_description/share/dm_arm_description/meshes/visual/base_link.dae
-- Up-to-date: /home/kaede-rei/ros2-workspace/moveit-tutorials-ws/install/dm_arm_description/share/dm_arm_description/meshes/visual/link1.dae
-- Up-to-date: /home/kaede-rei/ros2-workspace/moveit-tutorials-ws/install/dm_arm_description/share/dm_arm_description/launch
-- Up-to-date: /home/kaede-rei/ros2-workspace/moveit-tutorials-ws/install/dm_arm_description/share/dm_arm_description/launch/display.launch.py
-- Up-to-date: /home/kaede-rei/ros2-workspace/moveit-tutorials-ws/install/dm_arm_description/share/dm_arm_description/config
-- Up-to-date: /home/kaede-rei/ros2-workspace/moveit-tutorials-ws/install/dm_arm_description/share/ament_index/resource_index/package_run_dependencies/dm_arm_description
-- Up-to-date: /home/kaede-rei/ros2-workspace/moveit-tutorials-ws/install/dm_arm_description/share/ament_index/resource_index/parent_prefix_path/dm_arm_description
-- Up-to-date: /home/kaede-rei/ros2-workspace/moveit-tutorials-ws/install/dm_arm_description/share/dm_arm_description/environment/ament_prefix_path.sh
-- Up-to-date: /home/kaede-rei/ros2-workspace/moveit-tutorials-ws/install/dm_arm_description/share/dm_arm_description/environment/ament_prefix_path.dsv
-- Up-to-date: /home/kaede-rei/ros2-workspace/moveit-tutorials-ws/install/dm_arm_description/share/dm_arm_description/environment/path.sh
-- Up-to-date: /home/kaede-rei/ros2-workspace/moveit-tutorials-ws/install/dm_arm_description/share/dm_arm_description/environment/path.dsv
-- Up-to-date: /home/kaede-rei/ros2-workspace/moveit-tutorials-ws/install/dm_arm_description/share/dm_arm_description/local_setup.bash
-- Up-to-date: /home/kaede-rei/ros2-workspace/moveit-tutorials-ws/install/dm_arm_description/share/dm_arm_description/local_setup.sh
-- Up-to-date: /home/kaede-rei/ros2-workspace/moveit-tutorials-ws/install/dm_arm_description/share/dm_arm_description/local_setup.zsh
-- Up-to-date: /home/kaede-rei/ros2-workspace/moveit-tutorials-ws/install/dm_arm_description/share/dm_arm_description/local_setup.dsv
-- Installing: /home/kaede-rei/ros2-workspace/moveit-tutorials-ws/install/dm_arm_description/share/dm_arm_description/package.dsv
-- Up-to-date: /home/kaede-rei/ros2-workspace/moveit-tutorials-ws/install/dm_arm_description/share/ament_index/resource_index/packages/dm_arm_description
-- Up-to-date: /home/kaede-rei/ros2-workspace/moveit-tutorials-ws/install/dm_arm_description/share/dm_arm_description/cmake/dm_arm_descriptionConfig.cmake
-- Up-to-date: /home/kaede-rei/ros2-workspace/moveit-tutorials-ws/install/dm_arm_description/share/dm_arm_description/cmake/dm_arm_descriptionConfig-version.cmake
-- Up-to-date: /home/kaede-rei/ros2-workspace/moveit-tutorials-ws/install/dm_arm_description/share/dm_arm_description/package.xml
